r dynamic allocation:
I (ï¿½ets Jun  8 2016 00:22:57

rst:0x1 (POWERON_RESET),boot:0x17 (SPI_FAST_FLASH_BOOT)
configsip: 0, SPIWP:0xee
clk_drv:0x00,q_drv:0x00,d_drv:0x00,cs0_drv:0x00,hd_drv:0x00,wp_drv:0x00
mode:DIO, clock div:2
load:0x3fff0030,len:6276
load:0x40078000,len:15716
load:0x40080400,len:4
ho 8 tail 4 room 4
load:0x40080404,len:3860
entry 0x4008063c
[0;32mI (31) boot: ESP-IDF v5.4-dirty 2nd stage bootloader[0m
[0;32mI (31) boot: compile time Jan 20 2025 16:17:36[0m
[0;32mI (31) boot: Multicore bootloader[0m
[0;32mI (32) boot: chip revision: v1.0[0m
[0;32mI (35) boot.esp32: SPI Speed      : 40MHz[0m
[0;32mI (39) boot.esp32: SPI Mode       : DIO[0m
[0;32mI (42) boot.esp32: SPI Flash Size : 4MB[0m
[0;32mI (46) boot: Enabling RNG early entropy source...[0m
[0;32mI (50) boot: Partition Table:[0m
[0;32mI (53) boot: ## Label            Usage          Type ST Offset   Length[0m
[0;32mI (59) boot:  0 nvs              WiFi data        01 02 00009000 00006000[0m
[0;32mI (66) boot:  1 phy_init         RF data          01 01 0000f000 00001000[0m
[0;32mI (72) boot:  2 factory          factory app      00 00 00010000 00100000[0m
[0;32mI (79) boot: End of partition table[0m
[0;32mI (82) esp_image: segment 0: paddr=00010020 vaddr=3f400020 size=1e124h (123172) map[0m
[0;32mI (132) esp_image: segment 1: paddr=0002e14c vaddr=3ff80000 size=0001ch (    28) load[0m
[0;32mI (132) esp_image: segment 2: paddr=0002e170 vaddr=3ffbdb60 size=01ea8h (  7848) load[0m
[0;32mI (139) esp_image: segment 3: paddr=00030020 vaddr=400d0020 size=7ad98h (503192) map[0m
[0;32mI (315) esp_image: segment 4: paddr=000aadc0 vaddr=3ffbfa08 size=02c80h ( 11392) load[0m
[0;32mI (319) esp_image: segment 5: paddr=000ada48 vaddr=40080000 size=17954h ( 96596) load[0m
[0;32mI (369) boot: Loaded app from partition at offset 0x10000[0m
[0;32mI (369) boot: Disabling RNG early entropy source...[0m
[0;32mI (379) cpu_start: Multicore app[0m
[0;32mI (388) cpu_start: Pro cpu start user code[0m
[0;32mI (388) cpu_start: cpu freq: 160000000 Hz[0m
[0;32mI (388) app_init: Application information:[0m
[0;32mI (388) app_init: Project name:     main[0m
[0;32mI (391) app_init: App version:      1[0m
[0;32mI (395) app_init: Compile time:     Jan 20 2025 16:17:21[0m
[0;32mI (400) app_init: ELF file SHA256:  e37eb338c...[0m
[0;32mI (404) app_init: ESP-IDF:          v5.4-dirty[0m
[0;32mI (408) efuse_init: Min chip rev:     v0.0[0m
[0;32mI (412) efuse_init: Max chip rev:     v3.99 [0m
[0;32mI (416) efuse_init: Chip rev:         v1.0[0m
[0;32mI (420) heap_init: Initializing. RAM available for dynamic allocation:[0m
[0;32mI (426) heap_init: At 3FFAFF10 len 000000F0 (0 KiB): DRAM[0m
[0;32mI (431) heap_init: At 3FFB6388 len 00001C78 (7 KiB): DRAM[0m
[0;32mI (436) heap_init: At 3FFB9A20 len 00004108 (16 KiB): DRAM[0m
[0;32mI (442) heap_init: At 3FFC3F58 len 0001C0A8 (112 KiB): DRAM[0m
[0;32mI (447) heap_init: At 3FFE0440 len 00003AE0 (14 KiB): D/IRAM[0m
[0;32mI (452) heap_init: At 3FFE4350 len 0001BCB0 (111 KiB): D/IRAM[0m
[0;32mI (458) heap_init: At 40097954 len 000086AC (33 KiB): IRAM[0m
[0;32mI (465) spi_flash: detected chip: generic[0m
[0;32mI (467) spi_flash: flash io: dio[0m
[0;32mI (471) coexist: coex firmware version: 49a8cdc[0m
[0;32mI (475) main_task: Started on CPU0[0m
[0;32mI (485) main_task: Calling app_main()[0m
[0;32mI (495) BTDM_INIT: BT controller compile version [20b459d][0m
[0;32mI (495) BTDM_INIT: Bluetooth MAC: 24:6f:28:81:da:f2[0m
[0;32mI (495) phy_init: phy_version 4840,02e0d70,Sep  2 2024,19:39:07[0m
I BOD: Brownout detector was triggered


ets Jun  8 2016 00:22:57

rst:0x3 (SW_RESET),boot:0x17 (SPI_FAST_FLASH_BOOT)
configsip: 0, SPIWP:0xee
clk_drv:0x00,q_drv:0x00,d_drv:0x00,cs0_drv:0x00,hd_drv:0x00,wp_drv:0x00
mode:DIO, clock div:2
load:0x3fff0030,len:6276
load:0x40078000,len:15716
load:0x40080400,len:4
ho 8 tail 4 room 4
load:0x40080404,len:3860
entry 0x4008063c
[0;32mI (60) boot: ESP-IDF v5.4-dirty 2nd stage bootloader[0m
[0;32mI (60) boot: compile time Jan 20 2025 16:17:36[0m
[0;32mI (60) boot: Multicore bootloader[0m
[0;32mI (62) boot: chip revision: v1.0[0m
[0;32mI (65) boot.esp32: SPI Speed      : 40MHz[0m
[0;32mI (69) boot.esp32: SPI Mode       : DIO[0m
[0;32mI (72) boot.esp32: SPI Flash Size : 4MB[0m
[0;32mI (76) boot: Enabling RNG early entropy source...[0m
[0;32mI (81) boot: Partition Table:[0m
[0;32mI (83) boot: ## Label            Usage          Type ST Offset   Length[0m
[0;32mI (90) boot:  0 nvs              WiFi data        01 02 00009000 00006000[0m
[0;32mI (96) boot:  1 phy_init         RF data          01 01 0000f000 00001000[0m
[0;32mI (103) boot:  2 factory          factory app      00 00 00010000 00100000[0m
[0;32mI (109) boot: End of partition table[0m
[0;32mI (112) esp_image: segment 0: paddr=00010020 vaddr=3f400020 size=1e124h (123172) map[0m
[0;32mI (162) esp_image: segment 1: paddr=0002e14c vaddr=3ff80000 size=0001ch (    28) load[0m
[0;32mI (162) esp_image: segment 2: paddr=0002e170 vaddr=3ffbdb60 size=01ea8h (  7848) load[0m
[0;32mI (169) esp_image: segment 3: paddr=00030020 vaddr=400d0020 size=7ad98h (503192) map[0m
[0;32mI (345) esp_image: segment 4: paddr=000aadc0 vaddr=3ffbfa08 size=02c80h ( 11392) load[0m
[0;32mI (350) esp_image: segment 5: paddr=000ada48 vaddr=40080000 size=17954h ( 96596) load[0m
[0;32mI (399) boot: Loaded app from partition at offset 0x10000[0m
[0;32mI (399) boot: Disabling RNG early entropy source...[0m
[0;32mI (410) cpu_start: Multicore app[0m
[0;32mI (418) cpu_start: Pro cpu start user code[0m
[0;32mI (418) cpu_start: cpu freq: 160000000 Hz[0m
[0;32mI (418) app_init: Application information:[0m
[0;32mI (418) app_init: Project name:     main[0m
[0;32mI (422) app_init: App version:      1[0m
[0;32mI (425) app_init: Compile time:     Jan 20 2025 16:17:21[0m
[0;32mI (430) app_init: ELF file SHA256:  e37eb338c...[0m
[0;32mI (435) app_init: ESP-IDF:          v5.4-dirty[0m
[0;32mI (439) efuse_init: Min chip rev:     v0.0[0m
[0;32mI (443) efuse_init: Max chip rev:     v3.99 [0m
[0;32mI (447) efuse_init: Chip rev:         v1.0[0m
[0;32mI (451) heap_init: Initializing. RAM available for dynamic allocation:[0m
[0;32mI (457) heap_init: At 3FFAFF10 len 000000F0 (0 KiB): DRAM[0m
[0;32mI (462) heap_init: At 3FFB6388 len 00001C78 (7 KiB): DRAM[0m
[0;32mI (467) heap_init: At 3FFB9A20 len 00004108 (16 KiB): DRAM[0m
[0;32mI (472) heap_init: At 3FFC3F58 len 0001C0A8 (112 KiB): DRAM[0m
[0;32mI (477) heap_init: At 3FFE0440 len 00003AE0 (14 KiB): D/IRAM[0m
[0;32mI (483) heap_init: At 3FFE4350 len 0001BCB0 (111 KiB): D/IRAM[0m
[0;32mI (488) heap_init: At 40097954 len 000086AC (33 KiB): IRAM[0m
[0;32mI (495) spi_flash: detected chip: generic[0m
[0;32mI (497) spi_flash: flash io: dio[0m
[0;32mI (501) coexist: coex firmware version: 49a8cdc[0m
[0;32mI (505) main_task: Started on CPU0[0m
[0;32mI (515) main_task: Calling app_main()[0m
[0;32mI (525) BTDM_INIT: BT controller compile version [20b459d][0m
[0;32mI (525) BTDM_INIT: Bluetooth MAC: 24:6f:28:81:da:f2[0m
[0;32mI (525) phy_init: phy_version 4840,02e0d70,Sep  2 2024,19:39:07[0m
I BOD: Brownout detector was triggered


ets Jun  8 2016 00:22:57

rst:0x3 (SW_RESET),boot:0x17 (SPI_FAST_FLASH_BOOT)
configsip: 0, SPIWP:0xee
clk_drv:0x00,q_drv:0x00,d_drv:0x00,cs0_drv:0x00,hd_drv:0x00,wp_drv:0x00
mode:DIO, clock div:2
load:0x3fff0030,len:6276
load:0x40078000,len:15716
load:0x40080400,len:4
ho 8 tail 4 room 4
load:0x40080404,len:3860
entry 0x4008063c
[0;32mI (60) boot: ESP-IDF v5.4-dirty 2nd stage bootloader[0m
[0;32mI (60) boot: compile time Jan 20 2025 16:17:36[0m
[0;32mI (60) boot: Multicore bootloader[0m
[0;32mI (62) boot: chip revision: v1.0[0m
[0;32mI (65) boot.esp32: SPI Speed      : 40MHz[0m
[0;32mI (69) boot.esp32: SPI Mode       : DIO[0m
[0;32mI (72) boot.esp32: SPI Flash Size : 4MB[0m
[0;32mI (76) boot: Enabling RNG early entropy source...[0m
[0;32mI (81) boot: Partition Table:[0m
[0;32mI (83) boot: ## Label            Usage          Type ST Offset   Length[0m
[0;32mI (90) boot:  0 nvs              WiFi data        01 02 00009000 00006000[0m
[0;32mI (96) boot:  1 phy_init         RF data          01 01 0000f000 00001000[0m
[0;32mI (103) boot:  2 factory          factory app      00 00 00010000 00100000[0m
[0;32mI (109) boot: End of partition table[0m
[0;32mI (112) esp_image: segment 0: paddr=00010020 vaddr=3f400020 size=1e124h (123172) map[0m
[0;32mI (162) esp_image: segment 1: paddr=0002e14c vaddr=3ff80000 size=0001ch (    28) load[0m
[0;32mI (162) esp_image: segment 2: paddr=0002e170 vaddr=3ffbdb60 size=01ea8h (  7848) load[0m
[0;32mI (169) esp_image: segment 3: paddr=00030020 vaddr=400d0020 size=7ad98h (503192) map[0m
[0;32mI (345) esp_image: segment 4: paddr=000aadc0 vaddr=3ffbfa08 size=02c80h ( 11392) load[0m
[0;32mI (350) esp_image: segment 5: paddr=000ada48 vaddr=40080000 size=17954h ( 96596) load[0m
[0;32mI (399) boot: Loaded app from partition at offset 0x10000[0m
[0;32mI (399) boot: Disabling RNG early entropy source...[0m
[0;32mI (410) cpu_start: Multicore app[0m
[0;32mI (418) cpu_start: Pro cpu start user code[0m
[0;32mI (418) cpu_start: cpu freq: 160000000 Hz[0m
[0;32mI (418) app_init: Application information:[0m
[0;32mI (418) app_init: Project name:     main[0m
[0;32mI (422) app_init: App version:      1[0m
[0;32mI (425) app_init: Compile time:     Jan 20 2025 16:17:21[0m
[0;32mI (430) app_init: ELF file SHA256:  e37eb338c...[0m
[0;32mI (435) app_init: ESP-IDF:          v5.4-dirty[0m
[0;32mI (439) efuse_init: Min chip rev:     v0.0[0m
[0;32mI (443) efuse_init: Max chip rev:     v3.99 [0m
[0;32mI (447) efuse_init: Chip rev:         v1.0[0m
[0;32mI (451) heap_init: Initializing. RAM available for dynamic allocation:[0m
[0;32mI (457) heap_init: At 3FFAFF10 len 000000F0 (0 KiB): DRAM[0m
[0;32mI (462) heap_init: At 3FFB6388 len 00001C78 (7 KiB): DRAM[0m
[0;32mI (467) heap_init: At 3FFB9A20 len 00004108 (16 KiB): DRAM[0m
[0;32mI (472) heap_init: At 3FFC3F58 len 0001C0A8 (112 KiB): DRAM[0m
[0;32mI (477) heap_init: At 3FFE0440 len 00003AE0 (14 KiB): D/IRAM[0m
[0;32mI (483) heap_init: At 3FFE4350 len 0001BCB0 (111 KiB): D/IRAM[0m
[0;32mI (488) heap_init: At 40097954 len 000086AC (33 KiB): IRAM[0m
[0;32mI (495) spi_flash: detected chip: generic[0m
[0;32mI (497) spi_flash: flash io: dio[0m
[0;32mI (501) coexist: coex firmware version: 49a8cdc[0m
[0;32mI (505) main_task: Started on CPU0[0m
[0;32mI (515) main_task: Calling app_main()[0m
[0;32mI (525) BTDM_INIT: BT controller compile version [20b459d][0m
[0;32mI (525) BTDM_INIT: Bluetooth MAC: 24:6f:28:81:da:f2[0m
[0;32mI (525) phy_init: phy_version 4840,02e0d70,Sep  2 2024,19:39:07[0m
I BOD: Brownout detector was triggered


ets Jun  8 2016 00:22:57

rst:0x3 (SW_RESET),boot:0x17 (SPI_FAST_FLASH_BOOT)
configsip: 0, SPIWP:0xee
clk_drv:0x00,q_drv:0x00,d_drv:0x00,cs0_drv:0x00,hd_drv:0x00,wp_drv:0x00
mode:DIO, clock div:2
load:0x3fff0030,len:6276
load:0x40078000,len:15716
load:0x40080400,len:4
ho 8 tail 4 room 4
load:0x40080404,len:3860
entry 0x4008063c
[0;32mI (60) boot: ESP-IDF v5.4-dirty 2nd stage bootloader[0m
[0;32mI (60) boot: compile time Jan 20 2025 16:17:36[0m
[0;32mI (60) boot: Multicore bootloader[0m
[0;32mI (62) boot: chip revision: v1.0[0m
[0;32mI (65) boot.esp32: SPI Speed      : 40MHz[0m
[0;32mI (69) boot.esp32: SPI Mode       : DIO[0m
[0;32mI (73) boot.esp32: SPI Flash Size : 4MB[0m
[0;32mI (76) boot: Enabling RNG early entropy source...[0m
[0;32mI (81) boot: Partition Table:[0m
[0;32mI (83) boot: ## Label            Usage          Type ST Offset   Length[0m
[0;32mI (90) boot:  0 nvs              WiFi data        01 02 00009000 00006000[0m
[0;32mI (96) boot:  1 phy_init         RF data          01 01 0000f000 00001000[0m
[0;32mI (103) boot:  2 factory          factory app      00 00 00010000 00100000[0m
[0;32mI (109) boot: End of partition table[0m
[0;32mI (112) esp_image: segment 0: paddr=00010020 vaddr=3f400020 size=1e124h (123172) map[0m
[0;32mI (162) esp_image: segment 1: paddr=0002e14c vaddr=3ff80000 size=0001ch (    28) load[0m
[0;32mI (162) esp_image: segment 2: paddr=0002e170 vaddr=3ffbdb60 size=01ea8h (  7848) load[0m
[0;32mI (169) esp_image: segment 3: paddr=00030020 vaddr=400d0020 size=7ad98h (503192) map[0m
[0;32mI (345) esp_image: segment 4: paddr=000aadc0 vaddr=3ffbfa08 size=02c80h ( 11392) load[0m
[0;32mI (350) esp_image: segment 5: paddr=000ada48 vaddr=40080000 size=17954h ( 96596) load[0m
[0;32mI (399) boot: Loaded app from partition at offset 0x10000[0m
[0;32mI (399) boot: Disabling RNG early entropy source...[0m
[0;32mI (410) cpu_start: Multicore app[0m
[0;32mI (418) cpu_start: Pro cpu start user code[0m
[0;32mI (418) cpu_start: cpu freq: 160000000 Hz[0m
[0;32mI (418) app_init: Application information:[0m
[0;32mI (418) app_init: Project name:     main[0m
[0;32mI (422) app_init: App version:      1[0m
[0;32mI (425) app_init: Compile time:     Jan 20 2025 16:17:21[0m
[0;32mI (430) app_init: ELF file SHA256:  e37eb338c...[0m
[0;32mI (435) app_init: ESP-IDF:          v5.4-dirty[0m
[0;32mI (439) efuse_init: Min chip rev:     v0.0[0m
[0;32mI (443) efuse_init: Max chip rev:     v3.99 [0m
[0;32mI (447) efuse_init: Chip rev:         v1.0[0m
[0;32mI (451) heap_init: Initializing. RAM available for dynamic allocation:[0m
[0;32mI (457) heap_init: At 3FFAFF10 len 000000F0 (0 KiB): DRAM[0m
[0;32mI (462) heap_init: At 3FFB6388 len 00001C78 (7 KiB): DRAM[0m
[0;32mI (467) heap_init: At 3FFB9A20 len 00004108 (16 KiB): DRAM[0m
[0;32mI (472) heap_init: At 3FFC3F58 len 0001C0A8 (112 KiB): DRAM[0m
[0;32mI (477) heap_init: At 3FFE0440 len 00003AE0 (14 KiB): D/IRAM[0m
[0;32mI (483) heap_init: At 3FFE4350 len 0001BCB0 (111 KiB): D/IRAM[0m
[0;32mI (488) heap_init: At 40097954 len 000086AC (33 KiB): IRAM[0m
[0;32mI (495) spi_flash: detected chip: generic[0m
[0;32mI (497) spi_flash: flash io: dio[0m
[0;32mI (501) coexist: coex firmware version: 49a8cdc[0m
[0;32mI (505) main_task: Started on CPU0[0m
[0;32mI (515) main_task: Calling app_main()[0m
[0;32mI (525) BTDM_INIT: BT controller compile version [20b459d][0m
[0;32mI (525) BTDM_INIT: Bluetooth MAC: 24:6f:28:81:da:f2[0m
[0;32mI (525) phy_init: phy_version 4840,02e0d70,Sep  2 2024,19:39:07[0m
I BOD: Brownout detector was triggered


ets Jun  8 2016 00:22:57

rst:0x3 (SW_RESET),boot:0x17 (SPI_FAST_FLASH_BOOT)
configsip: 0, SPIWP:0xee
clk_drv:0x00,q_drv:0x00,d_drv:0x00,cs0_drv:0x00,hd_drv:0x00,wp_drv:0x00
mode:DIO, clock div:2
load:0x3fff0030,len:6276
load:0x40078000,len:15716
load:0x40080400,len:4
ho 8 tail 4 room 4
load:0x40080404,len:3860
entry 0x4008063c
[0;32mI (60) boot: ESP-IDF v5.4-dirty 2nd stage bootloader[0m
[0;32mI (60) boot: compile time Jan 20 2025 16:17:36[0m
[0;32mI (60) boot: Multicore bootloader[0m
[0;32mI (62) boot: chip revision: v1.0[0m
[0;32mI (65) boot.esp32: SPI Speed      : 40MHz[0m
[0;32mI (69) boot.esp32: SPI Mode       : DIO[0m
[0;32mI (73) boot.esp32: SPI Flash Size : 4MB[0m
[0;32mI (76) boot: Enabling RNG early entropy source...[0m
[0;32mI (81) boot: Partition Table:[0m
[0;32mI (83) boot: ## Label            Usage          Type ST Offset   Length[0m
[0;32mI (90) boot:  0 nvs              WiFi data        01 02 00009000 00006000[0m
[0;32mI (96) boot:  1 phy_init         RF data          01 01 0000f000 00001000[0m
[0;32mI (103) boot:  2 factory          factory app      00 00 00010000 00100000[0m
[0;32mI (109) boot: End of partition table[0m
[0;32mI (112) esp_image: segment 0: paddr=00010020 vaddr=3f400020 size=1e124h (123172) map[0m
[0;32mI (162) esp_image: segment 1: paddr=0002e14c vaddr=3ff80000 size=0001ch (    28) load[0m
[0;32mI (162) esp_image: segment 2: paddr=0002e170 vaddr=3ffbdb60 size=01ea8h (  7848) load[0m
[0;32mI (169) esp_image: segment 3: paddr=00030020 vaddr=400d0020 size=7ad98h (503192) map[0m
[0;32mI (345) esp_image: segment 4: paddr=000aadc0 vaddr=3ffbfa08 size=02c80h ( 11392) load[0m
[0;32mI (350) esp_image: segment 5: paddr=000ada48 vaddr=40080000 size=17954h ( 96596) load[0m
[0;32mI (399) boot: Loaded app from partition at offset 0x10000[0m
[0;32mI (399) boot: Disabling RNG early entropy source...[0m
[0;32mI (410) cpu_start: Multicore app[0m
[0;32mI (418) cpu_start: Pro cpu start user code[0m
[0;32mI (418) cpu_start: cpu freq: 160000000 Hz[0m
[0;32mI (418) app_init: Application information:[0m
[0;32mI (418) app_init: Project name:     main[0m
[0;32mI (422) app_init: App version:      1[0m
[0;32mI (425) app_init: Compile time:     Jan 20 2025 16:17:21[0m
[0;32mI (430) app_init: ELF file SHA256:  e37eb338c...[0m
[0;32mI (435) app_init: ESP-IDF:          v5.4-dirty[0m
[0;32mI (439) efuse_init: Min chip rev:     v0.0[0m
[0;32mI (443) efuse_init: Max chip rev:     v3.99 [0m
[0;32mI (447) efuse_init: Chip rev:         v1.0[0m
[0;32mI (451) heap_init: Initializing. RAM available for dynamic allocation:[0m
[0;32mI (457) heap_init: At 3FFAFF10 len 000000F0 (0 KiB): DRAM[0m
[0;32mI (462) heap_init: At 3FFB6388 len 00001C78 (7 KiB): DRAM[0m
[0;32mI (467) heap_init: At 3FFB9A20 len 00004108 (16 KiB): DRAM[0m
[0;32mI (472) heap_init: At 3FFC3F58 len 0001C0A8 (112 KiB): DRAM[0m
[0;32mI (477) heap_init: At 3FFE0440 len 00003AE0 (14 KiB): D/IRAM[0m
[0;32mI (483) heap_init: At 3FFE4350 len 0001BCB0 (111 KiB): D/IRAM[0m
[0;32mI (488) heap_init: At 40097954 len 000086AC (33 KiB): IRAM[0m
[0;32mI (495) spi_flash: detected chip: generic[0m
[0;32mI (497) spi_flash: flash io: dio[0m
[0;32mI (501) coexist: coex firmware version: 49a8cdc[0m
[0;32mI (505) main_task: Started on CPU0[0m
[0;32mI (515) main_task: Calling app_main()[0m
[0;32mI (525) BTDM_INIT: BT controller compile version [20b459d][0m
[0;32mI (525) BTDM_INIT: Bluetooth MAC: 24:6f:28:81:da:f2[0m
[0;32mI (525) phy_init: phy_version 4840,02e0d70,Sep  2 2024,19:39:07[0m
I BOD: Brownout detector was triggered


ets Jun  8 2016 00:22:57

rst:0x3 (SW_RESET),boot:0x17 (SPI_FAST_FLASH_BOOT)
configsip: 0, SPIWP:0xee
clk_drv:0x00,q_drv:0x00,d_drv:0x00,cs0_drv:0x00,hd_drv:0x00,wp_drv:0x00
mode:DIO, clock div:2
load:0x3fff0030,len:6276
load:0x40078000,len:15716
load:0x40080400,len:4
ho 8 tail 4 room 4
load:0x40080404,len:3860
entry 0x4008063c
[0;32mI (60) boot: ESP-IDF v5.4-dirty 2nd stage bootloader[0m
[0;32mI (60) boot: compile time Jan 20 2025 16:17:36[0m
[0;32mI (60) boot: Multicore bootloader[0m
[0;32mI (62) boot: chip revision: v1.0[0m
[0;32mI (65) boot.esp32: SPI Speed      : 40MHz[0m
[0;32mI (69) boot.esp32: SPI Mode       : DIO[0m
[0;32mI (72) boot.esp32: SPI Flash Size : 4MB[0m
[0;32mI (76) boot: Enabling RNG early entropy source...[0m
[0;32mI (81) boot: Partition Table:[0m
[0;32mI (83) boot: ## Label            Usage          Type ST Offset   Length[0m
[0;32mI (90) boot:  0 nvs              WiFi data        01 02 00009000 00006000[0m
[0;32mI (96) boot:  1 phy_init         RF data          01 01 0000f000 00001000[0m
[0;32mI (103) boot:  2 factory          factory app      00 00 00010000 00100000[0m
[0;32mI (109) boot: End of partition table[0m
[0;32mI (112) esp_image: segment 0: paddr=00010020 vaddr=3f400020 size=1e124h (123172) map[0m
[0;32mI (162) esp_image: segment 1: paddr=0002e14c vaddr=3ff80000 size=0001ch (    28) load[0m
[0;32mI (162) esp_image: segment 2: paddr=0002e170 vaddr=3ffbdb60 size=01ea8h (  7848) load[0m
[0;32mI (169) esp_image: segment 3: paddr=00030020 vaddr=400d0020 size=7ad98h (503192) map[0m
[0;32mI (345) esp_image: segment 4: paddr=000aadc0 vaddr=3ffbfa08 size=02c80h ( 11392) load[0m
[0;32mI (350) esp_image: segment 5: paddr=000ada48 vaddr=40080000 size=17954h ( 96596) load[0m
[0;32mI (399) boot: Loaded app from partition at offset 0x10000[0m
[0;32mI (399) boot: Disabling RNG early entropy source...[0m
[0;32mI (410) cpu_start: Multicore app[0m
[0;32mI (418) cpu_start: Pro cpu start user code[0m
[0;32mI (418) cpu_start: cpu freq: 160000000 Hz[0m
[0;32mI (418) app_init: Application information:[0m
[0;32mI (418) app_init: Project name:     main[0m
[0;32mI (422) app_init: App version:      1[0m
[0;32mI (425) app_init: Compile time:     Jan 20 2025 16:17:21[0m
[0;32mI (430) app_init: ELF file SHA256:  e37eb338c...[0m
[0;32mI (435) app_init: ESP-IDF:          v5.4-dirty[0m
[0;32mI (439) efuse_init: Min chip rev:     v0.0[0m
[0;32mI (443) efuse_init: Max chip rev:     v3.99 [0m
[0;32mI (447) efuse_init: Chip rev:         v1.0[0m
[0;32mI (451) heap_init: Initializing. RAM available for dynamic allocation:[0m
[0;32mI (457) heap_init: At 3FFAFF10 len 000000F0 (0 KiB): DRAM[0m
[0;32mI (462) heap_init: At 3FFB6388 len 00001C78 (7 KiB): DRAM[0m
[0;32mI (467) heap_init: At 3FFB9A20 len 00004108 (16 KiB): DRAM[0m
[0;32mI (472) heap_init: At 3FFC3F58 len 0001C0A8 (112 KiB): DRAM[0m
[0;32mI (477) heap_init: At 3FFE0440 len 00003AE0 (14 KiB): D/IRAM[0m
[0;32mI (483) heap_init: At 3FFE4350 len 0001BCB0 (111 KiB): D/IRAM[0m
[0;32mI (488) heap_init: At 40097954 len 000086AC (33 KiB): IRAM[0m
[0;32mI (495) spi_flash: detected chip: generic[0m
[0;32mI (497) spi_flash: flash io: dio[0m
[0;32mI (501) coexist: coex firmware version: 49a8cdc[0m
[0;32mI (505) main_task: Started on CPU0[0m
[0;32mI (515) main_task: Calling app_main()[0m
[0;32mI (525) BTDM_INIT: BT controller compile version [20b459d][0m
[0;32mI (525) BTDM_INIT: Bluetooth MAC: 24:6f:28:81:da:f2[0m
[0;32mI (525) phy_init: phy_version 4840,02e0d70,Sep  2 2024,19:39:07[0m
I BOD: Brownout detector was triggered


ets Jun  8 2016 00:22:57

rst:0x3 (SW_RESET),boot:0x17 (SPI_FAST_FLASH_BOOT)
configsip: 0, SPIWP:0xee
clk_drv:0x00,q_drv:0x00,d_drv:0x00,cs0_drv:0x00,hd_drv:0x00,wp_drv:0x00
mode:DIO, clock div:2
load:0x3fff0030,len:6276
load:0x40078000,len:15716
load:0x40080400,len:4
ho 8 tail 4 room 4
load:0x40080404,len:3860
entry 0x4008063c
[0;32mI (60) boot: ESP-IDF v5.4-dirty 2nd stage bootloader[0m
[0;32mI (60) boot: compile time Jan 20 2025 16:17:36[0m
[0;32mI (60) boot: Multicore bootloader[0m
[0;32mI (62) boot: chip revision: v1.0[0m
[0;32mI (65) boot.esp32: SPI Speed      : 40MHz[0m
[0;32mI (69) boot.esp32: SPI Mode       : DIO[0m
[0;32mI (72) boot.esp32: SPI Flash Size : 4MB[0m
[0;32mI (76) boot: Enabling RNG early entropy source...[0m
[0;32mI (81) boot: Partition Table:[0m
[0;32mI (83) boot: ## Label            Usage          Type ST Offset   Length[0m
[0;32mI (90) boot:  0 nvs              WiFi data        01 02 00009000 00006000[0m
[0;32mI (96) boot:  1 phy_init         RF data          01 01 0000f000 00001000[0m
[0;32mI (103) boot:  2 factory          factory app      00 00 00010000 00100000[0m
[0;32mI (109) boot: End of partition table[0m
[0;32mI (112) esp_image: segment 0: paddr=00010020 vaddr=3f400020 size=1e124h (123172) map[0m
[0;32mI (162) esp_image: segment 1: paddr=0002e14c vaddr=3ff80000 size=0001ch (    28) load[0m
[0;32mI (162) esp_image: segment 2: paddr=0002e170 vaddr=3ffbdb60 size=01ea8h (  7848) load[0m
[0;32mI (169) esp_image: segment 3: paddr=00030020 vaddr=400d0020 size=7ad98h (503192) map[0m
[0;32mI (345) esp_image: segment 4: paddr=000aadc0 vaddr=3ffbfa08 size=02c80h ( 11392) load[0m
[0;32mI (350) esp_image: segment 5: paddr=000ada48 vaddr=40080000 size=17954h ( 96596) load[0m
[0;32mI (399) boot: Loaded app from partition at offset 0x10000[0m
[0;32mI (399) boot: Disabling RNG early entropy source...[0m
[0;32mI (410) cpu_start: Multicore app[0m
[0;32mI (418) cpu_start: Pro cpu start user code[0m
[0;32mI (418) cpu_start: cpu freq: 160000000 Hz[0m
[0;32mI (418) app_init: Application information:[0m
[0;32mI (418) app_init: Project name:     main[0m
[0;32mI (422) app_init: App version:      1[0m
[0;32mI (425) app_init: Compile time:     Jan 20 2025 16:17:21[0m
[0;32mI (430) app_init: ELF file SHA256:  e37eb338c...[0m
[0;32mI (435) app_init: ESP-IDF:          v5.4-dirty[0m
[0;32mI (439) efuse_init: Min chip rev:     v0.0[0m
I (443) efuse_init: Max chip rev:     v3.99 
[0;32mI (447) efuse_init: Chip rev:         v1.0[0m
[0;32mI (451) heap_init: Initializing. RAM available for dynamic allocation:[0m
[0;32mI (457) heap_init: At 3FFAFF10 len 000000F0 (0 KiB): DRAM[0m
[0;32mI (462) heap_init: At 3FFB6388 len 00001C78 (7 KiB): DRAM[0m
[0;32mI (467) heap_init: At 3FFB9A20 len 00004108 (16 KiB): DRAM[0m
[0;32mI (472) heap_init: At 3FFC3F58 len 0001C0A8 (112 KiB): DRAM[0m
[0;32mI (477) heap_init: At 3FFE0440 len 00003AE0 (14 KiB): D/IRAM[0m
[0;32mI (483) heap_init: At 3FFE4350 len 0001BCB0 (111 KiB): D/IRAM[0m
[0;32mI (488) heap_init: At 40097954 len 000086AC (33 KiB): IRAM[0m
[0;32mI (495) spi_flash: detected chip: generic[0m
[0;32mI (497) spi_flash: flash io: dio[0m
[0;32mI (501) coexist: coex firmware version: 49a8cdc[0m
[0;32mI (505) main_task: Started on CPU0[0m
[0;32mI (515) main_task: Calling app_main()[0m
[0;32mI (525) BTDM_INIT: BT controller compile version [20b459d][0m
[0;32mI (525) BTDM_INIT: Bluetooth MAC: 24:6f:28:81:da:f2[0m
[0;32mI (525) phy_init: phy_version 4840,02e0d70,Sep  2 2024,19:39:07[0m
I BOD: Brownout detector was triggered


ets Jun  8 2016 00:22:57

rst:0x3 (SW_RESET),boot:0x17 (SPI_FAST_FLASH_BOOT)
configsip: 0, SPIWP:0xee
clk_drv:0x00,q_drv:0x00,d_drv:0x00,cs0_drv:0x00,hd_drv:0x00,wp_drv:0x00
mode:DIO, clock div:2
load:0x3fff0030,len:6276
load:0x40078000,len:15716
load:0x40080400,len:4
ho 8 tail 4 room 4
load:0x40080404,len:3860
entry 0x4008063c
[0;32mI (60) boot: ESP-IDF v5.4-dirty 2nd stage bootloader[0m
[0;32mI (60) boot: compile time Jan 20 2025 16:17:36[0m
[0;32mI (60) boot: Multicore bootloader[0m
[0;32mI (62) boot: chip revision: v1.0[0m
[0;32mI (65) boot.esp32: SPI Speed      : 40MHz[0m
[0;32mI (69) boot.esp32: SPI Mode       : DIO[0m
[0;32mI (73) boot.esp32: SPI Flash Size : 4MB[0m
[0;32mI (76) boot: Enabling RNG early entropy source...[0m
[0;32mI (81) boot: Partition Table:[0m
[0;32mI (83) boot: ## Label            Usage          Type ST Offset   Length[0m
[0;32mI (90) boot:  0 nvs              WiFi data        01 02 00009000 00006000[0m
[0;32mI (96) boot:  1 phy_init         RF data          01 01 0000f000 00001000[0m
[0;32mI (103) boot:  2 factory          factory app      00 00 00010000 00100000[0m
[0;32mI (109) boot: End of partition table[0m
[0;32mI (112) esp_image: segment 0: paddr=00010020 vaddr=3f400020 size=1e124h (123172) map[0m
[0;32mI (162) esp_image: segment 1: paddr=0002e14c vaddr=3ff80000 size=0001ch (    28) load[0m
[0;32mI (162) esp_image: segment 2: paddr=0002e170 vaddr=3ffbdb60 size=01ea8h (  7848) load[0m
[0;32mI (169) esp_image: segment 3: paddr=00030020 vaddr=400d0020 size=7ad98h (503192) map[0m
[0;32mI (345) esp_image: segment 4: paddr=000aadc0 vaddr=3ffbfa08 size=02c80h ( 11392) load[0m
[0;32mI (350) esp_image: segment 5: paddr=000ada48 vaddr=40080000 size=17954h ( 96596) load[0m
[0;32mI (399) boot: Loaded app from partition at offset 0x10000[0m
[0;32mI (399) boot: Disabling RNG early entropy source...[0m
[0;32mI (410) cpu_start: Multicore app[0m
[0;32mI (418) cpu_start: Pro cpu start user code[0m
[0;32mI (418) cpu_start: cpu freq: 160000000 Hz[0m
[0;32mI (418) app_init: Application information:[0m
[0;32mI (418) app_init: Project name:     main[0m
[0;32mI (422) app_init: App version:      1[0m
[0;32mI (425) app_init: Compile time:     Jan 20 2025 16:17:21[0m
[0;32mI (430) app_init: ELF file SHA256:  e37eb338c...[0m
[0;32mI (435) app_init: ESP-IDF:          v5.4-dirty[0m
[0;32mI (439) efuse_init: Min chip rev:     v0.0[0m
[0;32mI (443) efuse_init: Max chip rev:     v3.99 [0m
[0;32mI (447) efuse_init: Chip rev:         v1.0[0m
[0;32mI (451) heap_init: Initializing. RAM available for dynamic allocation:[0m
[0;32mI (457) heap_init: At 3FFAFF10 len 000000F0 (0 KiB): DRAM[0m
[0;32mI (462) heap_init: At 3FFB6388 len 00001C78 (7 KiB): DRAM[0m
[0;32mI (467) heap_init: At 3FFB9A20 len 00004108 (16 KiB): DRAM[0m
[0;32mI (472) heap_init: At 3FFC3F58 len 0001C0A8 (112 KiB): DRAM[0m
[0;32mI (477) heap_init: At 3FFE0440 len 00003AE0 (14 KiB): D/IRAM[0m
[0;32mI (483) heap_init: At 3FFE4350 len 0001BCB0 (111 KiB): D/IRAM[0m
[0;32mI (488) heap_init: At 40097954 len 000086AC (33 KiB): IRAM[0m
[0;32mI (495) spi_flash: detected chip: generic[0m
[0;32mI (497) spi_flash: flash io: dio[0m
[0;32mI (501) coexist: coex firmware version: 49a8cdc[0m
[0;32mI (505) main_task: Started on CPU0[0m
[0;32mI (515) main_task: Calling app_main()[0m
[0;32mI (525) BTDM_INIT: BT controller compile version [20b459d][0m
[0;32mI (525) BTDM_INIT: Bluetooth MAC: 24:6f:28:81:da:f2[0m
[0;32mI (525) phy_init: phy_version 4840,02e0d70,Sep  2 2024,19:39:07[0m
I BOD: Brownout detector was triggered


ets Jun  8 2016 00:22:57

rst:0x3 (SW_RESET),boot:0x17 (SPI_FAST_FLASH_BOOT)
configsip: 0, SPIWP:0xee
clk_drv:0x00,q_drv:0x00,d_drv:0x00,cs0_drv:0x00,hd_drv:0x00,wp_drv:0x00
mode:DIO, clock div:2
load:0x3fff0030,len:6276
load:0x40078000,len:15716
load:0x40080400,len:4
ho 8 tail 4 room 4
load:0x40080404,len:3860
entry 0x4008063c
[0;32mI (60) boot: ESP-IDF v5.4-dirty 2nd stage bootloader[0m
[0;32mI (60) boot: compile time Jan 20 2025 16:17:36[0m
[0;32mI (60) boot: Multicore bootloader[0m
[0;32mI (62) boot: chip revision: v1.0[0m
[0;32mI (65) boot.esp32: SPI Speed      : 40MHz[0m
[0;32mI (69) boot.esp32: SPI Mode       : DIO[0m
[0;32mI (72) boot.esp32: SPI Flash Size : 4MB[0m
[0;32mI (76) boot: Enabling RNG early entropy source...[0m
[0;32mI (81) boot: Partition Table:[0m
[0;32mI (83) boot: ## Label            Usage          Type ST Offset   Length[0m
[0;32mI (90) boot:  0 nvs              WiFi data        01 02 00009000 00006000[0m
[0;32mI (96) boot:  1 phy_init         RF data          01 01 0000f000 00001000[0m
[0;32mI (103) boot:  2 factory          factory app      00 00 00010000 00100000[0m
[0;32mI (109) boot: End of partition table[0m
[0;32mI (112) esp_image: segment 0: paddr=00010020 vaddr=3f400020 size=1e124h (123172) map[0m
[0;32mI (162) esp_image: segment 1: paddr=0002e14c vaddr=3ff80000 size=0001ch (    28) load[0m
[0;32mI (162) esp_image: segment 2: paddr=0002e170 vaddr=3ffbdb60 size=01ea8h (  7848) load[0m
[0;32mI (169) esp_image: segment 3: paddr=00030020 vaddr=400d0020 size=7ad98h (503192) map[0m
[0;32mI (345) esp_image: segment 4: paddr=000aadc0 vaddr=3ffbfa08 size=02c80h ( 11392) load[0m
[0;32mI (350) esp_image: segment 5: paddr=000ada48 vaddr=40080000 size=17954h ( 96596) load[0m
[0;32mI (399) boot: Loaded app from partition at offset 0x10000[0m
[0;32mI (399) boot: Disabling RNG early entropy source...[0m
[0;32mI (410) cpu_start: Multicore app[0m
[0;32mI (418) cpu_start: Pro cpu start user code[0m
[0;32mI (418) cpu_start: cpu freq: 160000000 Hz[0m
[0;32mI (418) app_init: Application information:[0m
[0;32mI (418) app_init: Project name:     main[0m
[0;32mI (422) app_init: App version:      1[0m
[0;32mI (425) app_init: Compile time:     Jan 20 2025 16:17:21[0m
[0;32mI (430) app_init: ELF file SHA256:  e37eb338c...[0m
[0;32mI (435) app_init: ESP-IDF:          v5.4-dirty[0m
[0;32mI (439) efuse_init: Min chip rev:     v0.0[0m
[0;32mI (443) efuse_init: Max chip rev:     v3.99 [0m
[0;32mI (447) efuse_init: Chip rev:         v1.0[0m
[0;32mI (451) heap_init: Initializing. RAM available for dynamic allocation:[0m
[0;32mI (457) heap_init: At 3FFAFF10 len 000000F0 (0 KiB): DRAM[0m
[0;32mI (462) heap_init: At 3FFB6388 len 00001C78 (7 KiB): DRAM[0m
[0;32mI (467) heap_init: At 3FFB9A20 len 00004108 (16 KiB): DRAM[0m
[0;32mI (472) heap_init: At 3FFC3F58 len 0001C0A8 (112 KiB): DRAM[0m
[0;32mI (477) heap_init: At 3FFE0440 len 00003AE0 (14 KiB): D/IRAM[0m
[0;32mI (483) heap_init: At 3FFE4350 len 0001BCB0 (111 KiB): D/IRAM[0m
[0;32mI (488) heap_init: At 40097954 len 000086AC (33 KiB): IRAM[0m
[0;32mI (495) spi_flash: detected chip: generic[0m
[0;32mI (497) spi_flash: flash io: dio[0m
[0;32mI (501) coexist: coex firmware version: 49a8cdc[0m
[0;32mI (505) main_task: Started on CPU0[0m
[0;32mI (515) main_task: Calling app_main()[0m
[0;32mI (525) BTDM_INIT: BT controller compile version [20b459d][0m
[0;32mI (525) BTDM_INIT: Bluetooth MAC: 24:6f:28:81:da:f2[0m
[0;32mI (525) phy_init: phy_version 4840,02e0d70,Sep  2 2024,19:39:07[0m
I BOD: Brownout detector was triggered


ets Jun  8 2016 00:22:57

rst:0x3 (SW_RESET),boot:0x17 (SPI_FAST_FLASH_BOOT)
configsip: 0, SPIWP:0xee
clk_drv:0x00,q_drv:0x00,d_drv:0x00,cs0_drv:0x00,hd_drv:0x00,wp_drv:0x00
mode:DIO, clock div:2
load:0x3fff0030,len:6276
load:0x40078000,len:15716
load:0x40080400,len:4
ho 8 tail 4 room 4
load:0x40080404,len:3860
entry 0x4008063c
[0;32mI (60) boot: ESP-IDF v5.4-dirty 2nd stage bootloader[0m
[0;32mI (60) boot: compile time Jan 20 2025 16:17:36[0m
[0;32mI (60) boot: Multicore bootloader[0m
[0;32mI (62) boot: chip revision: v1.0[0m
[0;32mI (65) boot.esp32: SPI Speed      : 40MHz[0m
[0;32mI (69) boot.esp32: SPI Mode       : DIO[0m
[0;32mI (72) boot.esp32: SPI Flash Size : 4MB[0m
[0;32mI (76) boot: Enabling RNG early entropy source...[0m
[0;32mI (81) boot: Partition Table:[0m
[0;32mI (83) boot: ## Label            Usage          Type ST Offset   Length[0m
[0;32mI (90) boot:  0 nvs              WiFi data        01 02 00009000 00006000[0m
[0;32mI (96) boot:  1 phy_init         RF data          01 01 0000f000 00001000[0m
[0;32mI (103) boot:  2 factory          factory app      00 00 00010000 00100000[0m
[0;32mI (109) boot: End of partition table[0m
[0;32mI (112) esp_image: segment 0: paddr=00010020 vaddr=3f400020 size=1e124h (123172) map[0m
[0;32mI (162) esp_image: segment 1: paddr=0002e14c vaddr=3ff80000 size=0001ch (    28) load[0m
[0;32mI (162) esp_image: segment 2: paddr=0002e170 vaddr=3ffbdb60 size=01ea8h (  7848) load[0m
[0;32mI (169) esp_image: segment 3: paddr=00030020 vaddr=400d0020 size=7ad98h (503192) map[0m
[0;32mI (345) esp_image: segment 4: paddr=000aadc0 vaddr=3ffbfa08 size=02c80h ( 11392) load[0m
[0;32mI (350) esp_image: segment 5: paddr=000ada48 vaddr=40080000 size=17954h ( 96596) load[0m
[0;32mI (399) boot: Loaded app from partition at offset 0x10000[0m
[0;32mI (399) boot: Disabling RNG early entropy source...[0m
[0;32mI (410) cpu_start: Multicore app[0m
[0;32mI (418) cpu_start: Pro cpu start user code[0m
[0;32mI (418) cpu_start: cpu freq: 160000000 Hz[0m
[0;32mI (418) app_init: Application information:[0m
[0;32mI (418) app_init: Project name:     main[0m
[0;32mI (422) app_init: App version:      1[0m
[0;32mI (425) app_init: Compile time:     Jan 20 2025 16:17:21[0m
[0;32mI (430) app_init: ELF file SHA256:  e37eb338c...[0m
[0;32mI (435) app_init: ESP-IDF:          v5.4-dirty[0m
[0;32mI (439) efuse_init: Min chip rev:     v0.0[0m
[0;32mI (443) efuse_init: Max chip rev:     v3.99 [0m
[0;32mI (447) efuse_init: Chip rev:         v1.0[0m
[0;32mI (451) heap_init: Initializing. RAM available for dynamic allocation:[0m
[0;32mI (457) heap_init: At 3FFAFF10 len 000000F0 (0 KiB): DRAM[0m
[0;32mI (462) heap_init: At 3FFB6388 len 00001C78 (7 KiB): DRAM[0m
[0;32mI (467) heap_init: At 3FFB9A20 len 00004108 (16 KiB): DRAM[0m
[0;32mI (472) heap_init: At 3FFC3F58 len 0001C0A8 (112 KiB): DRAM[0m
[0;32mI (477) heap_init: At 3FFE0440 len 00003AE0 (14 KiB): D/IRAM[0m
[0;32mI (483) heap_init: At 3FFE4350 len 0001BCB0 (111 KiB): D/IRAM[0m
[0;32mI (488) heap_init: At 40097954 len 000086AC (33 KiB): IRAM[0m
[0;32mI (495) spi_flash: detected chip: generic[0m
[0;32mI (497) spi_flash: flash io: dio[0m
[0;32mI (501) coexist: coex firmware version: 49a8cdc[0m
[0;32mI (505) main_task: Started on CPU0[0m
[0;32mI (515) main_task: Calling app_main()[0m
[0;32mI (525) BTDM_INIT: BT controller compile version [20b459d][0m
[0;32mI (525) BTDM_INIT: Bluetooth MAC: 24:6f:28:81:da:f2[0m
[0;32mI (525) phy_init: phy_version 4840,02e0d70,Sep  2 2024,19:39:07[0m
I BOD: Brownout detector was triggered


ets Jun  8 2016 00:22:57

rst:0x3 (SW_RESET),boot:0x17 (SPI_FAST_FLASH_BOOT)
configsip: 0, SPIWP:0xee
clk_drv:0x00,q_drv:0x00,d_drv:0x00,cs0_drv:0x00,hd_drv:0x00,wp_drv:0x00
mode:DIO, clock div:2
load:0x3fff0030,len:6276
load:0x40078000,len:15716
load:0x40080400,len:4
ho 8 tail 4 room 4
load:0x40080404,len:3860
entry 0x4008063c
[0;32mI (60) boot: ESP-IDF v5.4-dirty 2nd stage bootloader[0m
[0;32mI (60) boot: compile time Jan 20 2025 16:17:36[0m
[0;32mI (60) boot: Multicore bootloader[0m
[0;32mI (62) boot: chip revision: v1.0[0m
[0;32mI (65) boot.esp32: SPI Speed      : 40MHz[0m
[0;32mI (69) boot.esp32: SPI Mode       : DIO[0m
[0;32mI (73) boot.esp32: SPI Flash Size : 4MB[0m
[0;32mI (76) boot: Enabling RNG early entropy source...[0m
[0;32mI (81) boot: Partition Table:[0m
[0;32mI (83) boot: ## Label            Usage          Type ST Offset   Length[0m
[0;32mI (90) boot:  0 nvs              WiFi data        01 02 00009000 00006000[0m
[0;32mI (96) boot:  1 phy_init         RF data          01 01 0000f000 00001000[0m
[0;32mI (103) boot:  2 factory          factory app      00 00 00010000 00100000[0m
[0;32mI (109) boot: End of partition table[0m
[0;32mI (112) esp_image: segment 0: paddr=00010020 vaddr=3f400020 size=1e124h (123172) map[0m
[0;32mI (162) esp_image: segment 1: paddr=0002e14c vaddr=3ff80000 size=0001ch (    28) load[0m
[0;32mI (162) esp_image: segment 2: paddr=0002e170 vaddr=3ffbdb60 size=01ea8h (  7848) load[0m
[0;32mI (169) esp_image: segment 3: paddr=00030020 vaddr=400d0020 size=7ad98h (503192) map[0m
[0;32mI (345) esp_image: segment 4: paddr=000aadc0 vaddr=3ffbfa08 size=02c80h ( 11392) load[0m
[0;32mI (350) esp_image: segment 5: paddr=000ada48 vaddr=40080000 size=17954h ( 96596) load[0m
[0;32mI (399) boot: Loaded app from partition at offset 0x10000[0m
[0;32mI (399) boot: Disabling RNG early entropy source...[0m
[0;32mI (410) cpu_start: Multicore app[0m
[0;32mI (418) cpu_start: Pro cpu start user code[0m
[0;32mI (418) cpu_start: cpu freq: 160000000 Hz[0m
[0;32mI (418) app_init: Application information:[0m
[0;32mI (418) app_init: Project name:     main[0m
[0;32mI (422) app_init: App version:      1[0m
[0;32mI (425) app_init: Compile time:     Jan 20 2025 16:17:21[0m
[0;32mI (430) app_init: ELF file SHA256:  e37eb338c...[0m
[0;32mI (435) app_init: ESP-IDF:          v5.4-dirty[0m
[0;32mI (439) efuse_init: Min chip rev:     v0.0[0m
[0;32mI (443) efuse_init: Max chip rev:     v3.99 [0m
[0;32mI (447) efuse_init: Chip rev:         v1.0[0m
[0;32mI (451) heap_init: Initializing. RAM available for dynamic allocation:[0m
[0;32mI (457) heap_init: At 3FFAFF10 len 000000F0 (0 KiB): DRAM[0m
[0;32mI (462) heap_init: At 3FFB6388 len 00001C78 (7 KiB): DRAM[0m
[0;32mI (467) heap_init: At 3FFB9A20 len 00004108 (16 KiB): DRAM[0m
[0;32mI (472) heap_init: At 3FFC3F58 len 0001C0A8 (112 KiB): DRAM[0m
[0;32mI (477) heap_init: At 3FFE0440 len 00003AE0 (14 KiB): D/IRAM[0m
[0;32mI (483) heap_init: At 3FFE4350 len 0001BCB0 (111 KiB): D/IRAM[0m
[0;32mI (488) heap_init: At 40097954 len 000086AC (33 KiB): IRAM[0m
[0;32mI (495) spi_flash: detected chip: generic[0m
[0;32mI (497) spi_flash: flash io: dio[0m
[0;32mI (501) coexist: coex firmware version: 49a8cdc[0m
[0;32mI (505) main_task: Started on CPU0[0m
[0;32mI (515) main_task: Calling app_main()[0m
[0;32mI (525) BTDM_INIT: BT controller compile version [20b459d][0m
[0;32mI (525) BTDM_INIT: Bluetooth MAC: 24:6f:28:81:da:f2[0m
[0;32mI (525) phy_init: phy_version 4840,02e0d70,Sep  2 2024,19:39:07[0m
I BOD: Brownout detector was triggered


ets Jun  8 2016 00:22:57

rst:0x3 (SW_RESET),boot:0x17 (SPI_FAST_FLASH_BOOT)
configsip: 0, SPIWP:0xee
clk_drv:0x00,q_drv:0x00,d_drv:0x00,cs0_drv:0x00,hd_drv:0x00,wp_drv:0x00
mode:DIO, clock div:2
load:0x3fff0030,len:6276
load:0x40078000,len:15716
load:0x40080400,len:4
ho 8 tail 4 room 4
load:0x40080404,len:3860
entry 0x4008063c
[0;32mI (60) boot: ESP-IDF v5.4-dirty 2nd stage bootloader[0m
[0;32mI (60) boot: compile time Jan 20 2025 16:17:36[0m
[0;32mI (60) boot: Multicore bootloader[0m
[0;32mI (62) boot: chip revision: v1.0[0m
[0;32mI (65) boot.esp32: SPI Speed      : 40MHz[0m
[0;32mI (69) boot.esp32: SPI Mode       : DIO[0m
[0;32mI (73) boot.esp32: SPI Flash Size : 4MB[0m
[0;32mI (76) boot: Enabling RNG early entropy source...[0m
[0;32mI (81) boot: Partition Table:[0m
[0;32mI (83) boot: ## Label            Usage          Type ST Offset   Length[0m
[0;32mI (90) boot:  0 nvs              WiFi data        01 02 00009000 00006000[0m
[0;32mI (96) boot:  1 phy_init         RF data          01 01 0000f000 00001000[0m
[0;32mI (103) boot:  2 factory          factory app      00 00 00010000 00100000[0m
[0;32mI (109) boot: End of partition table[0m
[0;32mI (112) esp_image: segment 0: paddr=00010020 vaddr=3f400020 size=1e124h (123172) map[0m
[0;32mI (162) esp_image: segment 1: paddr=0002e14c vaddr=3ff80000 size=0001ch (    28) load[0m
[0;32mI (162) esp_image: segment 2: paddr=0002e170 vaddr=3ffbdb60 size=01ea8h (  7848) load[0m
[0;32mI (169) esp_image: segment 3: paddr=00030020 vaddr=400d0020 size=7ad98h (503192) map[0m
[0;32mI (345) esp_image: segment 4: paddr=000aadc0 vaddr=3ffbfa08 size=02c80h ( 11392) load[0m
[0;32mI (350) esp_image: segment 5: paddr=000ada48 vaddr=40080000 size=17954h ( 96596) load[0m
[0;32mI (399) boot: Loaded app from partition at offset 0x10000[0m
[0;32mI (399) boot: Disabling RNG early entropy source...[0m
[0;32mI (410) cpu_start: Multicore app[0m
[0;32mI (418) cpu_start: Pro cpu start user code[0m
[0;32mI (418) cpu_start: cpu freq: 160000000 Hz[0m
[0;32mI (418) app_init: Application information:[0m
[0;32mI (418) app_init: Project name:     main[0m
[0;32mI (422) app_init: App version:      1[0m
[0;32mI (425) app_init: Compile time:     Jan 20 2025 16:17:21[0m
[0;32mI (430) app_init: ELF file SHA256:  e37eb338c...[0m
[0;32mI (435) app_init: ESP-IDF:          v5.4-dirty[0m
[0;32mI (439) efuse_init: Min chip rev:     v0.0[0m
[0;32mI (443) efuse_init: Max chip rev:     v3.99 [0m
[0;32mI (447) efuse_init: Chip rev:         v1.0[0m
[0;32mI (451) heap_init: Initializing. RAM available for dynamic allocation:[0m
[0;32mI (457) heap_init: At 3FFAFF10 len 000000F0 (0 KiB): DRAM[0m
[0;32mI (462) heap_init: At 3FFB6388 len 00001C78 (7 KiB): DRAM[0m
[0;32mI (467) heap_init: At 3FFB9A20 len 00004108 (16 KiB): DRAM[0m
[0;32mI (472) heap_init: At 3FFC3F58 len 0001C0A8 (112 KiB): DRAM[0m
[0;32mI (477) heap_init: At 3FFE0440 len 00003AE0 (14 KiB): D/IRAM[0m
[0;32mI (483) heap_init: At 3FFE4350 len 0001BCB0 (111 KiB): D/IRAM[0m
[0;32mI (488) heap_init: At 40097954 len 000086AC (33 KiB): IRAM[0m
[0;32mI (495) spi_flash: detected chip: generic[0m
[0;32mI (497) spi_flash: flash io: dio[0m
[0;32mI (501) coexist: coex firmware version: 49a8cdc[0m
[0;32mI (505) main_task: Started on CPU0[0m
[0;32mI (515) main_task: Calling app_main()[0m
[0;32mI (525) BTDM_INIT: BT controller compile version [20b459d][0m
[0;32mI (525) BTDM_INIT: Bluetooth MAC: 24:6f:28:81:da:f2[0m
[0;32mI (525) phy_init: phy_version 4840,02e0d70,Sep  2 2024,19:39:07[0m
I BOD: Brownout detector was triggered


ets Jun  8 2016 00:22:57

rst:0x3 (SW_RESET),boot:0x17 (SPI_FAST_FLASH_BOOT)
configsip: 0, SPIWP:0xee
clk_drv:0x00,q_drv:0x00,d_drv:0x00,cs0_drv:0x00,hd_drv:0x00,wp_drv:0x00
mode:DIO, clock div:2
load:0x3fff0030,len:6276
load:0x40078000,len:15716
load:0x40080400,len:4
ho 8 tail 4 room 4
load:0x40080404,len:3860
entry 0x4008063c
[0;32mI (60) boot: ESP-IDF v5.4-dirty 2nd stage bootloader[0m
[0;32mI (60) boot: compile time Jan 20 2025 16:17:36[0m
[0;32mI (60) boot: Multicore bootloader[0m
[0;32mI (62) boot: chip revision: v1.0[0m
[0;32mI (65) boot.esp32: SPI Speed      : 40MHz[0m
[0;32mI (69) boot.esp32: SPI Mode       : DIO[0m
[0;32mI (73) boot.esp32: SPI Flash Size : 4MB[0m
[0;32mI (76) boot: Enabling RNG early entropy source...[0m
[0;32mI (81) boot: Partition Table:[0m
[0;32mI (83) boot: ## Label            Usage          Type ST Offset   Length[0m
[0;32mI (90) boot:  0 nvs              WiFi data        01 02 00009000 00006000[0m
[0;32mI (96) boot:  1 phy_init         RF data          01 01 0000f000 00001000[0m
[0;32mI (103) boot:  2 factory          factory app      00 00 00010000 00100000[0m
[0;32mI (109) boot: End of partition table[0m
[0;32mI (112) esp_image: segment 0: paddr=00010020 vaddr=3f400020 size=1e124h (123172) map[0m
[0;32mI (162) esp_image: segment 1: paddr=0002e14c vaddr=3ff80000 size=0001ch (    28) load[0m
[0;32mI (162) esp_image: segment 2: paddr=0002e170 vaddr=3ffbdb60 size=01ea8h (  7848) load[0m
[0;32mI (169) esp_image: segment 3: paddr=00030020 vaddr=400d0020 size=7ad98h (503192) map[0m
[0;32mI (345) esp_image: segment 4: paddr=000aadc0 vaddr=3ffbfa08 size=02c80h ( 11392) load[0m
[0;32mI (350) esp_image: segment 5: paddr=000ada48 vaddr=40080000 size=17954h ( 96596) load[0m
[0;32mI (399) boot: Loaded app from partition at offset 0x10000[0m
[0;32mI (399) boot: Disabling RNG early entropy source...[0m
[0;32mI (410) cpu_start: Multicore app[0m
[0;32mI (418) cpu_start: Pro cpu start user code[0m
[0;32mI (418) cpu_start: cpu freq: 160000000 Hz[0m
[0;32mI (418) app_init: Application information:[0m
[0;32mI (418) app_init: Project name:     main[0m
[0;32mI (422) app_init: App version:      1[0m
[0;32mI (425) app_init: Compile time:     Jan 20 2025 16:17:21[0m
[0;32mI (430) app_init: ELF file SHA256:  e37eb338c...[0m
[0;32mI (435) app_init: ESP-IDF:          v5.4-dirty[0m
[0;32mI (439) efuse_init: Min chip rev:     v0.0[0m
[0;32mI (443) efuse_init: Max chip rev:     v3.99 [0m
[0;32mI (447) efuse_init: Chip rev:         v1.0[0m
[0;32mI (451) heap_init: Initializing. RAM available for dynamic allocation:[0m
[0;32mI (457) heap_init: At 3FFAFF10 len 000000F0 (0 KiB): DRAM[0m
[0;32mI (462) heap_init: At 3FFB6388 len 00001C78 (7 KiB): DRAM[0m
[0;32mI (467) heap_init: At 3FFB9A20 len 00004108 (16 KiB): DRAM[0m
[0;32mI (472) heap_init: At 3FFC3F58 len 0001C0A8 (112 KiB): DRAM[0m
[0;32mI (477) heap_init: At 3FFE0440 len 00003AE0 (14 KiB): D/IRAM[0m
[0;32mI (483) heap_init: At 3FFE4350 len 0001BCB0 (111 KiB): D/IRAM[0m
[0;32mI (488) heap_init: At 40097954 len 000086AC (33 KiB): IRAM[0m
[0;32mI (495) spi_flash: detected chip: generic[0m
[0;32mI (497) spi_flash: flash io: dio[0m
[0;32mI (501) coexist: coex firmware version: 49a8cdc[0m
[0;32mI (505) main_task: Started on CPU0[0m
[0;32mI (515) main_task: Calling app_main()[0m
[0;32mI (525) BTDM_INIT: BT controller compile version [20b459d][0m
[0;32mI (525) BTDM_INIT: Bluetooth MAC: 24:6f:28:81:da:f2[0m
[0;32mI (525) phy_init: phy_version 4840,02e0d70,Sep  2 2024,19:39:07[0m
I BOD: Brownout detector was triggered


ets Jun  8 2016 00:22:57

rst:0x3 (SW_RESET),boot:0x17 (SPI_FAST_FLASH_BOOT)
configsip: 0, SPIWP:0xee
clk_drv:0x00,q_drv:0x00,d_drv:0x00,cs0_drv:0x00,hd_drv:0x00,wp_drv:0x00
mode:DIO, clock div:2
load:0x3fff0030,len:6276
load:0x40078000,len:15716
load:0x40080400,len:4
ho 8 tail 4 room 4
load:0x40080404,len:3860
entry 0x4008063c
[0;32mI (60) boot: ESP-IDF v5.4-dirty 2nd stage bootloader[0m
[0;32mI (60) boot: compile time Jan 20 2025 16:17:36[0m
[0;32mI (60) boot: Multicore bootloader[0m
[0;32mI (62) boot: chip revision: v1.0[0m
[0;32mI (65) boot.esp32: SPI Speed      : 40MHz[0m
[0;32mI (69) boot.esp32: SPI Mode       : DIO[0m
[0;32mI (73) boot.esp32: SPI Flash Size : 4MB[0m
[0;32mI (76) boot: Enabling RNG early entropy source...[0m
[0;32mI (81) boot: Partition Table:[0m
[0;32mI (83) boot: ## Label            Usage          Type ST Offset   Length[0m
[0;32mI (90) boot:  0 nvs              WiFi data        01 02 00009000 00006000[0m
[0;32mI (96) boot:  1 phy_init         RF data          01 01 0000f000 00001000[0m
[0;32mI (103) boot:  2 factory          factory app      00 00 00010000 00100000[0m
[0;32mI (109) boot: End of partition table[0m
[0;32mI (112) esp_image: segment 0: paddr=00010020 vaddr=3f400020 size=1e124h (123172) map[0m
[0;32mI (162) esp_image: segment 1: paddr=0002e14c vaddr=3ff80000 size=0001ch (    28) load[0m
[0;32mI (162) esp_image: segment 2: paddr=0002e170 vaddr=3ffbdb60 size=01ea8h (  7848) load[0m
[0;32mI (169) esp_image: segment 3: paddr=00030020 vaddr=400d0020 size=7ad98h (503192) map[0m
[0;32mI (345) esp_image: segment 4: paddr=000aadc0 vaddr=3ffbfa08 size=02c80h ( 11392) load[0m
[0;32mI (350) esp_image: segment 5: paddr=000ada48 vaddr=40080000 size=17954h ( 96596) load[0m
[0;32mI (399) boot: Loaded app from partition at offset 0x10000[0m
[0;32mI (399) boot: Disabling RNG early entropy source...[0m
[0;32mI (410) cpu_start: Multicore app[0m
[0;32mI (418) cpu_start: Pro cpu start user code[0m
[0;32mI (418) cpu_start: cpu freq: 160000000 Hz[0m
[0;32mI (418) app_init: Application information:[0m
[0;32mI (418) app_init: Project name:     main[0m
[0;32mI (422) app_init: App version:      1[0m
[0;32mI (425) app_init: Compile time:     Jan 20 2025 16:17:21[0m
[0;32mI (430) app_init: ELF file SHA256:  e37eb338c...[0m
[0;32mI (435) app_init: ESP-IDF:          v5.4-dirty[0m
[0;32mI (439) efuse_init: Min chip rev:     v0.0[0m
[0;32mI (443) efuse_init: Max chip rev:     v3.99 [0m
[0;32mI (447) efuse_init: Chip rev:         v1.0[0m
[0;32mI (451) heap_init: Initializing. RAM available for dynamic allocation:[0m
[0;32mI (457) heap_init: At 3FFAFF10 len 000000F0 (0 KiB): DRAM[0m
[0;32mI (462) heap_init: At 3FFB6388 len 00001C78 (7 KiB): DRAM[0m
[0;32mI (467) heap_init: At 3FFB9A20 len 00004108 (16 KiB): DRAM[0m
[0;32mI (472) heap_init: At 3FFC3F58 len 0001C0A8 (112 KiB): DRAM[0m
[0;32mI (477) heap_init: At 3FFE0440 len 00003AE0 (14 KiB): D/IRAM[0m
[0;32mI (483) heap_init: At 3FFE4350 len 0001BCB0 (111 KiB): D/IRAM[0m
[0;32mI (488) heap_init: At 40097954 len 000086AC (33 KiB): IRAM[0m
[0;32mI (495) spi_flash: detected chip: generic[0m
[0;32mI (497) spi_flash: flash io: dio[0m
[0;32mI (501) coexist: coex firmware version: 49a8cdc[0m
[0;32mI (505) main_task: Started on CPU0[0m
[0;32mI (515) main_task: Calling app_main()[0m
[0;32mI (525) BTDM_INIT: BT controller compile version [20b459d][0m
[0;32mI (525) BTDM_INIT: Bluetooth MAC: 24:6f:28:81:da:f2[0m
[0;32mI (525) phy_init: phy_version 4840,02e0d70,Sep  2 2024,19:39:07[0m
I BOD: Brownout detector was triggered


ets Jun  8 2016 00:22:57

rst:0x3 (SW_RESET),boot:0x17 (SPI_FAST_FLASH_BOOT)
configsip: 0, SPIWP:0xee
clk_drv:0x00,q_drv:0x00,d_drv:0x00,cs0_drv:0x00,hd_drv:0x00,wp_drv:0x00
mode:DIO, clock div:2
load:0x3fff0030,len:6276
load:0x40078000,len:15716
load:0x40080400,len:4
ho 8 tail 4 room 4
load:0x40080404,len:3860
entry 0x4008063c
[0;32mI (60) boot: ESP-IDF v5.4-dirty 2nd stage bootloader[0m
[0;32mI (60) boot: compile time Jan 20 2025 16:17:36[0m
[0;32mI (60) boot: Multicore bootloader[0m
[0;32mI (62) boot: chip revision: v1.0[0m
[0;32mI (65) boot.esp32: SPI Speed      : 40MHz[0m
[0;32mI (69) boot.esp32: SPI Mode       : DIO[0m
[0;32mI (73) boot.esp32: SPI Flash Size : 4MB[0m
[0;32mI (76) boot: Enabling RNG early entropy source...[0m
[0;32mI (81) boot: Partition Table:[0m
[0;32mI (83) boot: ## Label            Usage          Type ST Offset   Length[0m
[0;32mI (90) boot:  0 nvs              WiFi data        01 02 00009000 00006000[0m
[0;32mI (96) boot:  1 phy_init         RF data          01 01 0000f000 00001000[0m
[0;32mI (103) boot:  2 factory          factory app      00 00 00010000 00100000[0m
[0;32mI (109) boot: End of partition table[0m
[0;32mI (112) esp_image: segment 0: paddr=00010020 vaddr=3f400020 size=1e124h (123172) map[0m
[0;32mI (162) esp_image: segment 1: paddr=0002e14c vaddr=3ff80000 size=0001ch (    28) load[0m
[0;32mI (162) esp_image: segment 2: paddr=0002e170 vaddr=3ffbdb60 size=01ea8h (  7848) load[0m
[0;32mI (169) esp_image: segment 3: paddr=00030020 vaddr=400d0020 size=7ad98h (503192) map[0m
[0;32mI (345) esp_image: segment 4: paddr=000aadc0 vaddr=3ffbfa08 size=02c80h ( 11392) load[0m
[0;32mI (350) esp_image: segment 5: paddr=000ada48 vaddr=40080000 size=17954h ( 96596) load[0m
[0;32mI (399) boot: Loaded app from partition at offset 0x10000[0m
[0;32mI (399) boot: Disabling RNG early entropy source...[0m
[0;32mI (410) cpu_start: Multicore app[0m
[0;32mI (418) cpu_start: Pro cpu start user code[0m
[0;32mI (418) cpu_start: cpu freq: 160000000 Hz[0m
[0;32mI (418) app_init: Application information:[0m
[0;32mI (418) app_init: Project name:     main[0m
[0;32mI (422) app_init: App version:      1[0m
[0;32mI (425) app_init: Compile time:     Jan 20 2025 16:17:21[0m
[0;32mI (430) app_init: ELF file SHA256:  e37eb338c...[0m
[0;32mI (435) app_init: ESP-IDF:          v5.4-dirty[0m
[0;32mI (439) efuse_init: Min chip rev:     v0.0[0m
[0;32mI (443) efuse_init: Max chip rev:     v3.99 [0m
[0;32mI (447) efuse_init: Chip rev:         v1.0[0m
[0;32mI (451) heap_init: Initializing. RAM available for dynamic allocation:[0m
[0;32mI (457) heap_init: At 3FFAFF10 len 000000F0 (0 KiB): DRAM[0m
[0;32mI (462) heap_init: At 3FFB6388 len 00001C78 (7 KiB): DRAM[0m
[0;32mI (467) heap_init: At 3FFB9A20 len 00004108 (16 KiB): DRAM[0m
[0;32mI (472) heap_init: At 3FFC3F58 len 0001C0A8 (112 KiB): DRAM[0m
[0;32mI (477) heap_init: At 3FFE0440 len 00003AE0 (14 KiB): D/IRAM[0m
[0;32mI (483) heap_init: At 3FFE4350 len 0001BCB0 (111 KiB): D/IRAM[0m
I (488) heap_init: At 40097954 len 000086AC (33 KiB): IRAM
[0;32mI (495) spi_flash: detected chip: generic[0m
[0;32mI (497) spi_flash: flash io: dio[0m
[0;32mI (501) coexist: coex firmware version: 49a8cdc[0m
[0;32mI (505) main_task: Started on CPU0[0m
[0;32mI (515) main_task: Calling app_main()[0m
[0;32mI (525) BTDM_INIT: BT controller compile version [20b459d][0m
[0;32mI (525) BTDM_INIT: Bluetooth MAC: 24:6f:28:81:da:f2[0m
[0;32mI (525) phy_init: phy_version 4840,02e0d70,Sep  2 2024,19:39:07[0m
I BOD: Brownout detector was triggered


ets Jun  8 2016 00:22:57

rst:0x3 (SW_RESET),boot:0x17 (SPI_FAST_FLASH_BOOT)
configsip: 0, SPIWP:0xee
clk_drv:0x00,q_drv:0x00,d_drv:0x00,cs0_drv:0x00,hd_drv:0x00,wp_drv:0x00
mode:DIO, clock div:2
load:0x3fff0030,len:6276
load:0x40078000,len:15716
load:0x40080400,len:4
ho 8 tail 4 room 4
load:0x40080404,len:3860
entry 0x4008063c
[0;32mI (60) boot: ESP-IDF v5.4-dirty 2nd stage bootloader[0m
[0;32mI (60) boot: compile time Jan 20 2025 16:17:36[0m
[0;32mI (60) boot: Multicore bootloader[0m
[0;32mI (62) boot: chip revision: v1.0[0m
[0;32mI (65) boot.esp32: SPI Speed      : 40MHz[0m
[0;32mI (69) boot.esp32: SPI Mode       : DIO[0m
[0;32mI (73) boot.esp32: SPI Flash Size : 4MB[0m
[0;32mI (76) boot: Enabling RNG early entropy source...[0m
[0;32mI (81) boot: Partition Table:[0m
[0;32mI (83) boot: ## Label            Usage          Type ST Offset   Length[0m
[0;32mI (90) boot:  0 nvs              WiFi data        01 02 00009000 00006000[0m
[0;32mI (96) boot:  1 phy_init         RF data          01 01 0000f000 00001000[0m
[0;32mI (103) boot:  2 factory          factory app      00 00 00010000 00100000[0m
[0;32mI (109) boot: End of partition table[0m
[0;32mI (112) esp_image: segment 0: paddr=00010020 vaddr=3f400020 size=1e124h (123172) map[0m
[0;32mI (162) esp_image: segment 1: paddr=0002e14c vaddr=3ff80000 size=0001ch (    28) load[0m
[0;32mI (162) esp_image: segment 2: paddr=0002e170 vaddr=3ffbdb60 size=01ea8h (  7848) load[0m
[0;32mI (169) esp_image: segment 3: paddr=00030020 vaddr=400d0020 size=7ad98h (503192) map[0m
[0;32mI (345) esp_image: segment 4: paddr=000aadc0 vaddr=3ffbfa08 size=02c80h ( 11392) load[0m
[0;32mI (350) esp_image: segment 5: paddr=000ada48 vaddr=40080000 size=17954h ( 96596) load[0m
[0;32mI (399) boot: Loaded app from partition at offset 0x10000[0m
[0;32mI (399) boot: Disabling RNG early entropy source...[0m
[0;32mI (410) cpu_start: Multicore app[0m
[0;32mI (418) cpu_start: Pro cpu start user code[0m
[0;32mI (418) cpu_start: cpu freq: 160000000 Hz[0m
[0;32mI (418) app_init: Application information:[0m
[0;32mI (418) app_init: Project name:     main[0m
[0;32mI (422) app_init: App version:      1[0m
[0;32mI (425) app_init: Compile time:     Jan 20 2025 16:17:21[0m
[0;32mI (430) app_init: ELF file SHA256:  e37eb338c...[0m
[0;32mI (435) app_init: ESP-IDF:          v5.4-dirty[0m
[0;32mI (439) efuse_init: Min chip rev:     v0.0[0m
[0;32mI (443) efuse_init: Max chip rev:     v3.99 [0m
[0;32mI (447) efuse_init: Chip rev:         v1.0[0m
[0;32mI (451) heap_init: Initializing. RAM available for dynamic allocation:[0m
[0;32mI (457) heap_init: At 3FFAFF10 len 000000F0 (0 KiB): DRAM[0m
[0;32mI (462) heap_init: At 3FFB6388 len 00001C78 (7 KiB): DRAM[0m
[0;32mI (467) heap_init: At 3FFB9A20 len 00004108 (16 KiB): DRAM[0m
[0;32mI (472) heap_init: At 3FFC3F58 len 0001C0A8 (112 KiB): DRAM[0m
[0;32mI (477) heap_init: At 3FFE0440 len 00003AE0 (14 KiB): D/IRAM[0m
[0;32mI (483) heap_init: At 3FFE4350 len 0001BCB0 (111 KiB): D/IRAM[0m
[0;32mI (488) heap_init: At 40097954 len 000086AC (33 KiB): IRAM[0m
[0;32mI (495) spi_flash: detected chip: generic[0m
[0;32mI (497) spi_flash: flash io: dio[0m
[0;32mI (501) coexist: coex firmware version: 49a8cdc[0m
[0;32mI (505) main_task: Started on CPU0[0m
[0;32mI (515) main_task: Calling app_main()[0m
[0;32mI (525) BTDM_INIT: BT controller compile version [20b459d][0m
[0;32mI (525) BTDM_INIT: Bluetooth MAC: 24:6f:28:81:da:f2[0m
[0;32mI (525) phy_init: phy_version 4840,02e0d70,Sep  2 2024,19:39:07[0m
I BOD: Brownout detector was triggered


ets Jun  8 2016 00:22:57

rst:0x3 (SW_RESET),boot:0x17 (SPI_FAST_FLASH_BOOT)
configsip: 0, SPIWP:0xee
clk_drv:0x00,q_drv:0x00,d_drv:0x00,cs0_drv:0x00,hd_drv:0x00,wp_drv:0x00
mode:DIO, clock div:2
load:0x3fff0030,len:6276
load:0x40078000,len:15716
load:0x40080400,len:4
ho 8 tail 4 room 4
load:0x40080404,len:3860
entry 0x4008063c
[0;32mI (60) boot: ESP-IDF v5.4-dirty 2nd stage bootloader[0m
[0;32mI (60) boot: compile time Jan 20 2025 16:17:36[0m
[0;32mI (60) boot: Multicore bootloader[0m
[0;32mI (62) boot: chip revision: v1.0[0m
[0;32mI (65) boot.esp32: SPI Speed      : 40MHz[0m
[0;32mI (69) boot.esp32: SPI Mode       : DIO[0m
[0;32mI (72) boot.esp32: SPI Flash Size : 4MB[0m
[0;32mI (76) boot: Enabling RNG early entropy source...[0m
[0;32mI (81) boot: Partition Table:[0m
[0;32mI (83) boot: ## Label            Usage          Type ST Offset   Length[0m
[0;32mI (90) boot:  0 nvs              WiFi data        01 02 00009000 00006000[0m
[0;32mI (96) boot:  1 phy_init         RF data          01 01 0000f000 00001000[0m
[0;32mI (103) boot:  2 factory          factory app      00 00 00010000 00100000[0m
[0;32mI (109) boot: End of partition table[0m
[0;32mI (112) esp_image: segment 0: paddr=00010020 vaddr=3f400020 size=1e124h (123172) map[0m
[0;32mI (162) esp_image: segment 1: paddr=0002e14c vaddr=3ff80000 size=0001ch (    28) load[0m
[0;32mI (162) esp_image: segment 2: paddr=0002e170 vaddr=3ffbdb60 size=01ea8h (  7848) load[0m
[0;32mI (169) esp_image: segment 3: paddr=00030020 vaddr=400d0020 size=7ad98h (503192) map[0m
[0;32mI (345) esp_image: segment 4: paddr=000aadc0 vaddr=3ffbfa08 size=02c80h ( 11392) load[0m
[0;32mI (350) esp_image: segment 5: paddr=000ada48 vaddr=40080000 size=17954h ( 96596) load[0m
[0;32mI (399) boot: Loaded app from partition at offset 0x10000[0m
[0;32mI (399) boot: Disabling RNG early entropy source...[0m
[0;32mI (410) cpu_start: Multicore app[0m
[0;32mI (418) cpu_start: Pro cpu start user code[0m
[0;32mI (418) cpu_start: cpu freq: 160000000 Hz[0m
[0;32mI (418) app_init: Application information:[0m
[0;32mI (418) app_init: Project name:     main[0m
[0;32mI (422) app_init: App version:      1[0m
[0;32mI (425) app_init: Compile time:     Jan 20 2025 16:17:21[0m
[0;32mI (430) app_init: ELF file SHA256:  e37eb338c...[0m
[0;32mI (435) app_init: ESP-IDF:          v5.4-dirty[0m
[0;32mI (439) efuse_init: Min chip rev:     v0.0[0m
[0;32mI (443) efuse_init: Max chip rev:     v3.99 [0m
[0;32mI (447) efuse_init: Chip rev:         v1.0[0m
[0;32mI (451) heap_init: Initializing. RAM available for dynamic allocation:[0m
[0;32mI (457) heap_init: At 3FFAFF10 len 000000F0 (0 KiB): DRAM[0m
[0;32mI (462) heap_init: At 3FFB6388 len 00001C78 (7 KiB): DRAM[0m
[0;32mI (467) heap_init: At 3FFB9A20 len 00004108 (16 KiB): DRAM[0m
[0;32mI (472) heap_init: At 3FFC3F58 len 0001C0A8 (112 KiB): DRAM[0m
[0;32mI (477) heap_init: At 3FFE0440 len 00003AE0 (14 KiB): D/IRAM[0m
[0;32mI (483) heap_init: At 3FFE4350 len 0001BCB0 (111 KiB): D/IRAM[0m
[0;32mI (488) heap_init: At 40097954 len 000086AC (33 KiB): IRAM[0m
[0;32mI (495) spi_flash: detected chip: generic[0m
[0;32mI (497) spi_flash: flash io: dio[0m
[0;32mI (501) coexist: coex firmware version: 49a8cdc[0m
[0;32mI (505) main_task: Started on CPU0[0m
[0;32mI (515) main_task: Calling app_main()[0m
[0;32mI (525) BTDM_INIT: BT controller compile version [20b459d][0m
[0;32mI (525) BTDM_INIT: Bluetooth MAC: 24:6f:28:81:da:f2[0m
[0;32mI (525) phy_init: phy_version 4840,02e0d70,Sep  2 2024,19:39:07[0m
I BOD: Brownout detector was triggered


ets Jun  8 2016 00:22:57

rst:0x3 (SW_RESET),boot:0x17 (SPI_FAST_FLASH_BOOT)
configsip: 0, SPIWP:0xee
clk_drv:0x00,q_drv:0x00,d_drv:0x00,cs0_drv:0x00,hd_drv:0x00,wp_drv:0x00
mode:DIO, clock div:2
load:0x3fff0030,len:6276
load:0x40078000,len:15716
load:0x40080400,len:4
ho 8 tail 4 room 4
load:0x40080404,len:3860
entry 0x4008063c
[0;32mI (60) boot: ESP-IDF v5.4-dirty 2nd stage bootloader[0m
[0;32mI (60) boot: compile time Jan 20 2025 16:17:36[0m
[0;32mI (60) boot: Multicore bootloader[0m
[0;32mI (62) boot: chip revision: v1.0[0m
[0;32mI (65) boot.esp32: SPI Speed      : 40MHz[0m
[0;32mI (69) boot.esp32: SPI Mode       : DIO[0m
[0;32mI (72) boot.esp32: SPI Flash Size : 4MB[0m
[0;32mI (76) boot: Enabling RNG early entropy source...[0m
[0;32mI (81) boot: Partition Table:[0m
[0;32mI (83) boot: ## Label            Usage          Type ST Offset   Length[0m
[0;32mI (90) boot:  0 nvs              WiFi data        01 02 00009000 00006000[0m
[0;32mI (96) boot:  1 phy_init         RF data          01 01 0000f000 00001000[0m
[0;32mI (103) boot:  2 factory          factory app      00 00 00010000 00100000[0m
[0;32mI (109) boot: End of partition table[0m
[0;32mI (112) esp_image: segment 0: paddr=00010020 vaddr=3f400020 size=1e124h (123172) map[0m
[0;32mI (162) esp_image: segment 1: paddr=0002e14c vaddr=3ff80000 size=0001ch (    28) load[0m
[0;32mI (162) esp_image: segment 2: paddr=0002e170 vaddr=3ffbdb60 size=01ea8h (  7848) load[0m
[0;32mI (169) esp_image: segment 3: paddr=00030020 vaddr=400d0020 size=7ad98h (503192) map[0m
[0;32mI (345) esp_image: segment 4: paddr=000aadc0 vaddr=3ffbfa08 size=02c80h ( 11392) load[0m
[0;32mI (350) esp_image: segment 5: paddr=000ada48 vaddr=40080000 size=17954h ( 96596) load[0m
[0;32mI (399) boot: Loaded app from partition at offset 0x10000[0m
[0;32mI (399) boot: Disabling RNG early entropy source...[0m
[0;32mI (410) cpu_start: Multicore app[0m
[0;32mI (418) cpu_start: Pro cpu start user code[0m
[0;32mI (418) cpu_start: cpu freq: 160000000 Hz[0m
[0;32mI (418) app_init: Application information:[0m
[0;32mI (418) app_init: Project name:     main[0m
[0;32mI (422) app_init: App version:      1[0m
[0;32mI (425) app_init: Compile time:     Jan 20 2025 16:17:21[0m
[0;32mI (430) app_init: ELF file SHA256:  e37eb338c...[0m
[0;32mI (435) app_init: ESP-IDF:          v5.4-dirty[0m
[0;32mI (439) efuse_init: Min chip rev:     v0.0[0m
[0;32mI (443) efuse_init: Max chip rev:     v3.99 [0m
[0;32mI (447) efuse_init: Chip rev:         v1.0[0m
[0;32mI (451) heap_init: Initializing. RAM available for dynamic allocation:[0m
[0;32mI (457) heap_init: At 3FFAFF10 len 000000F0 (0 KiB): DRAM[0m
[0;32mI (462) heap_init: At 3FFB6388 len 00001C78 (7 KiB): DRAM[0m
[0;32mI (467) heap_init: At 3FFB9A20 len 00004108 (16 KiB): DRAM[0m
[0;32mI (472) heap_init: At 3FFC3F58 len 0001C0A8 (112 KiB): DRAM[0m
[0;32mI (477) heap_init: At 3FFE0440 len 00003AE0 (14 KiB): D/IRAM[0m
[0;32mI (483) heap_init: At 3FFE4350 len 0001BCB0 (111 KiB): D/IRAM[0m
[0;32mI (488) heap_init: At 40097954 len 000086AC (33 KiB): IRAM[0m
[0;32mI (495) spi_flash: detected chip: generic[0m
[0;32mI (497) spi_flash: flash io: dio[0m
[0;32mI (501) coexist: coex firmware version: 49a8cdc[0m
[0;32mI (505) main_task: Started on CPU0[0m
[0;32mI (515) main_task: Calling app_main()[0m
[0;32mI (525) BTDM_INIT: BT controller compile version [20b459d][0m
[0;32mI (525) BTDM_INIT: Bluetooth MAC: 24:6f:28:81:da:f2[0m
[0;32mI (525) phy_init: phy_version 4840,02e0d70,Sep  2 2024,19:39:07[0m
I BOD: Brownout detector was triggered


ets Jun  8 2016 00:22:57

rst:0x3 (SW_RESET),boot:0x17 (SPI_FAST_FLASH_BOOT)
configsip: 0, SPIWP:0xee
clk_drv:0x00,q_drv:0x00,d_drv:0x00,cs0_drv:0x00,hd_drv:0x00,wp_drv:0x00
mode:DIO, clock div:2
load:0x3fff0030,len:6276
load:0x40078000,len:15716
load:0x40080400,len:4
ho 8 tail 4 room 4
load:0x40080404,len:3860
entry 0x4008063c
[0;32mI (60) boot: ESP-IDF v5.4-dirty 2nd stage bootloader[0m
[0;32mI (60) boot: compile time Jan 20 2025 16:17:36[0m
[0;32mI (60) boot: Multicore bootloader[0m
[0;32mI (62) boot: chip revision: v1.0[0m
[0;32mI (65) boot.esp32: SPI Speed      : 40MHz[0m
[0;32mI (69) boot.esp32: SPI Mode       : DIO[0m
[0;32mI (73) boot.esp32: SPI Flash Size : 4MB[0m
[0;32mI (76) boot: Enabling RNG early entropy source...[0m
[0;32mI (81) boot: Partition Table:[0m
[0;32mI (83) boot: ## Label            Usage          Type ST Offset   Length[0m
[0;32mI (90) boot:  0 nvs              WiFi data        01 02 00009000 00006000[0m
[0;32mI (96) boot:  1 phy_init         RF data          01 01 0000f000 00001000[0m
[0;32mI (103) boot:  2 factory          factory app      00 00 00010000 00100000[0m
[0;32mI (109) boot: End of partition table[0m
[0;32mI (112) esp_image: segment 0: paddr=00010020 vaddr=3f400020 size=1e124h (123172) map[0m
[0;32mI (162) esp_image: segment 1: paddr=0002e14c vaddr=3ff80000 size=0001ch (    28) load[0m
[0;32mI (162) esp_image: segment 2: paddr=0002e170 vaddr=3ffbdb60 size=01ea8h (  7848) load[0m
[0;32mI (169) esp_image: segment 3: paddr=00030020 vaddr=400d0020 size=7ad98h (503192) map[0m
[0;32mI (345) esp_image: segment 4: paddr=000aadc0 vaddr=3ffbfa08 size=02c80h ( 11392) load[0m
[0;32mI (350) esp_image: segment 5: paddr=000ada48 vaddr=40080000 size=17954h ( 96596) load[0m
[0;32mI (399) boot: Loaded app from partition at offset 0x10000[0m
[0;32mI (399) boot: Disabling RNG early entropy source...[0m
[0;32mI (410) cpu_start: Multicore app[0m
[0;32mI (418) cpu_start: Pro cpu start user code[0m
[0;32mI (418) cpu_start: cpu freq: 160000000 Hz[0m
[0;32mI (418) app_init: Application information:[0m
[0;32mI (418) app_init: Project name:     main[0m
[0;32mI (422) app_init: App version:      1[0m
[0;32mI (425) app_init: Compile time:     Jan 20 2025 16:17:21[0m
[0;32mI (430) app_init: ELF file SHA256:  e37eb338c...[0m
[0;32mI (435) app_init: ESP-IDF:          v5.4-dirty[0m
[0;32mI (439) efuse_init: Min chip rev:     v0.0[0m
[0;32mI (443) efuse_init: Max chip rev:     v3.99 [0m
[0;32mI (447) efuse_init: Chip rev:         v1.0[0m
[0;32mI (451) heap_init: Initializing. RAM available for dynamic allocation:[0m
[0;32mI (457) heap_init: At 3FFAFF10 len 000000F0 (0 KiB): DRAM[0m
[0;32mI (462) heap_init: At 3FFB6388 len 00001C78 (7 KiB): DRAM[0m
[0;32mI (467) heap_init: At 3FFB9A20 len 00004108 (16 KiB): DRAM[0m
[0;32mI (472) heap_init: At 3FFC3F58 len 0001C0A8 (112 KiB): DRAM[0m
[0;32mI (477) heap_init: At 3FFE0440 len 00003AE0 (14 KiB): D/IRAM[0m
[0;32mI (483) heap_init: At 3FFE4350 len 0001BCB0 (111 KiB): D/IRAM[0m
[0;32mI (488) heap_init: At 40097954 len 000086AC (33 KiB): IRAM[0m
[0;32mI (495) spi_flash: detected chip: generic[0m
[0;32mI (497) spi_flash: flash io: dio[0m
[0;32mI (501) coexist: coex firmware version: 49a8cdc[0m
[0;32mI (505) main_task: Started on CPU0[0m
[0;32mI (515) main_task: Calling app_main()[0m
[0;32mI (525) BTDM_INIT: BT controller compile version [20b459d][0m
[0;32mI (525) BTDM_INIT: Bluetooth MAC: 24:6f:28:81:da:f2[0m
[0;32mI (525) phy_init: phy_version 4840,02e0d70,Sep  2 2024,19:39:07[0m
I BOD: Brownout detector was triggered


ets Jun  8 2016 00:22:57

rst:0x3 (SW_RESET),boot:0x17 (SPI_FAST_FLASH_BOOT)
configsip: 0, SPIWP:0xee
clk_drv:0x00,q_drv:0x00,d_drv:0x00,cs0_drv:0x00,hd_drv:0x00,wp_drv:0x00
mode:DIO, clock div:2
load:0x3fff0030,len:6276
load:0x40078000,len:15716
load:0x40080400,len:4
ho 8 tail 4 room 4
load:0x40080404,len:3860
entry 0x4008063c
[0;32mI (60) boot: ESP-IDF v5.4-dirty 2nd stage bootloader[0m
[0;32mI (60) boot: compile time Jan 20 2025 16:17:36[0m
[0;32mI (60) boot: Multicore bootloader[0m
[0;32mI (62) boot: chip revision: v1.0[0m
[0;32mI (65) boot.esp32: SPI Speed      : 40MHz[0m
[0;32mI (69) boot.esp32: SPI Mode       : DIO[0m
[0;32mI (73) boot.esp32: SPI Flash Size : 4MB[0m
[0;32mI (76) boot: Enabling RNG early entropy source...[0m
[0;32mI (81) boot: Partition Table:[0m
[0;32mI (83) boot: ## Label            Usage          Type ST Offset   Length[0m
[0;32mI (90) boot:  0 nvs              WiFi data        01 02 00009000 00006000[0m
[0;32mI (96) boot:  1 phy_init         RF data          01 01 0000f000 00001000[0m
[0;32mI (103) boot:  2 factory          factory app      00 00 00010000 00100000[0m
[0;32mI (109) boot: End of partition table[0m
[0;32mI (112) esp_image: segment 0: paddr=00010020 vaddr=3f400020 size=1e124h (123172) map[0m
[0;32mI (162) esp_image: segment 1: paddr=0002e14c vaddr=3ff80000 size=0001ch (    28) load[0m
[0;32mI (162) esp_image: segment 2: paddr=0002e170 vaddr=3ffbdb60 size=01ea8h (  7848) load[0m
[0;32mI (169) esp_image: segment 3: paddr=00030020 vaddr=400d0020 size=7ad98h (503192) map[0m
[0;32mI (345) esp_image: segment 4: paddr=000aadc0 vaddr=3ffbfa08 size=02c80h ( 11392) load[0m
[0;32mI (350) esp_image: segment 5: paddr=000ada48 vaddr=40080000 size=17954h ( 96596) load[0m
[0;32mI (399) boot: Loaded app from partition at offset 0x10000[0m
[0;32mI (399) boot: Disabling RNG early entropy source...[0m
[0;32mI (410) cpu_start: Multicore app[0m
[0;32mI (418) cpu_start: Pro cpu start user code[0m
[0;32mI (418) cpu_start: cpu freq: 160000000 Hz[0m
[0;32mI (418) app_init: Application information:[0m
[0;32mI (418) app_init: Project name:     main[0m
[0;32mI (422) app_init: App version:      1[0m
[0;32mI (425) app_init: Compile time:     Jan 20 2025 16:17:21[0m
[0;32mI (430) app_init: ELF file SHA256:  e37eb338c...[0m
[0;32mI (435) app_init: ESP-IDF:          v5.4-dirty[0m
[0;32mI (439) efuse_init: Min chip rev:     v0.0[0m
[0;32mI (443) efuse_init: Max chip rev:     v3.99 [0m
[0;32mI (447) efuse_init: Chip rev:         v1.0[0m
[0;32mI (451) heap_init: Initializing. RAM available for dynamic allocation:[0m
[0;32mI (457) heap_init: At 3FFAFF10 len 000000F0 (0 KiB): DRAM[0m
[0;32mI (462) heap_init: At 3FFB6388 len 00001C78 (7 KiB): DRAM[0m
[0;32mI (467) heap_init: At 3FFB9A20 len 00004108 (16 KiB): DRAM[0m
[0;32mI (472) heap_init: At 3FFC3F58 len 0001C0A8 (112 KiB): DRAM[0m
[0;32mI (477) heap_init: At 3FFE0440 len 00003AE0 (14 KiB): D/IRAM[0m
[0;32mI (483) heap_init: At 3FFE4350 len 0001BCB0 (111 KiB): D/IRAM[0m
[0;32mI (488) heap_init: At 40097954 len 000086AC (33 KiB): IRAM[0m
[0;32mI (495) spi_flash: detected chip: generic[0m
[0;32mI (497) spi_flash: flash io: dio[0m
[0;32mI (501) coexist: coex firmware version: 49a8cdc[0m
[0;32mI (505) main_task: Started on CPU0[0m
[0;32mI (515) main_task: Calling app_main()[0m
[0;32mI (525) BTDM_INIT: BT controller compile version [20b459d][0m
[0;32mI (525) BTDM_INIT: Bluetooth MAC: 24:6f:28:81:da:f2[0m
[0;32mI (525) phy_init: phy_version 4840,02e0d70,Sep  2 2024,19:39:07[0m
I BOD: Brownout detector was triggered


ets Jun  8 2016 00:22:57

rst:0x3 (SW_RESET),boot:0x17 (SPI_FAST_FLASH_BOOT)
configsip: 0, SPIWP:0xee
clk_drv:0x00,q_drv:0x00,d_drv:0x00,cs0_drv:0x00,hd_drv:0x00,wp_drv:0x00
mode:DIO, clock div:2
load:0x3fff0030,len:6276
load:0x40078000,len:15716
load:0x40080400,len:4
ho 8 tail 4 room 4
load:0x40080404,len:3860
entry 0x4008063c
[0;32mI (60) boot: ESP-IDF v5.4-dirty 2nd stage bootloader[0m
[0;32mI (60) boot: compile time Jan 20 2025 16:17:36[0m
[0;32mI (60) boot: Multicore bootloader[0m
[0;32mI (62) boot: chip revision: v1.0[0m
[0;32mI (65) boot.esp32: SPI Speed      : 40MHz[0m
[0;32mI (69) boot.esp32: SPI Mode       : DIO[0m
[0;32mI (72) boot.esp32: SPI Flash Size : 4MB[0m
[0;32mI (76) boot: Enabling RNG early entropy source...[0m
[0;32mI (81) boot: Partition Table:[0m
[0;32mI (83) boot: ## Label            Usage          Type ST Offset   Length[0m
[0;32mI (90) boot:  0 nvs              WiFi data        01 02 00009000 00006000[0m
[0;32mI (96) boot:  1 phy_init         RF data          01 01 0000f000 00001000[0m
[0;32mI (103) boot:  2 factory          factory app      00 00 00010000 00100000[0m
[0;32mI (109) boot: End of partition table[0m
[0;32mI (112) esp_image: segment 0: paddr=00010020 vaddr=3f400020 size=1e124h (123172) map[0m
[0;32mI (162) esp_image: segment 1: paddr=0002e14c vaddr=3ff80000 size=0001ch (    28) load[0m
[0;32mI (162) esp_image: segment 2: paddr=0002e170 vaddr=3ffbdb60 size=01ea8h (  7848) load[0m
[0;32mI (169) esp_image: segment 3: paddr=00030020 vaddr=400d0020 size=7ad98h (503192) map[0m
[0;32mI (345) esp_image: segment 4: paddr=000aadc0 vaddr=3ffbfa08 size=02c80h ( 11392) load[0m
[0;32mI (350) esp_image: segment 5: paddr=000ada48 vaddr=40080000 size=17954h ( 96596) load[0m
[0;32mI (399) boot: Loaded app from partition at offset 0x10000[0m
[0;32mI (399) boot: Disabling RNG early entropy source...[0m
[0;32mI (410) cpu_start: Multicore app[0m
[0;32mI (418) cpu_start: Pro cpu start user code[0m
[0;32mI (418) cpu_start: cpu freq: 160000000 Hz[0m
[0;32mI (418) app_init: Application information:[0m
[0;32mI (418) app_init: Project name:     main[0m
[0;32mI (422) app_init: App version:      1[0m
[0;32mI (425) app_init: Compile time:     Jan 20 2025 16:17:21[0m
[0;32mI (430) app_init: ELF file SHA256:  e37eb338c...[0m
[0;32mI (435) app_init: ESP-IDF:          v5.4-dirty[0m
[0;32mI (439) efuse_init: Min chip rev:     v0.0[0m
[0;32mI (443) efuse_init: Max chip rev:     v3.99 [0m
[0;32mI (447) efuse_init: Chip rev:         v1.0[0m
[0;32mI (451) heap_init: Initializing. RAM available for dynamic allocation:[0m
[0;32mI (457) heap_init: At 3FFAFF10 len 000000F0 (0 KiB): DRAM[0m
[0;32mI (462) heap_init: At 3FFB6388 len 00001C78 (7 KiB): DRAM[0m
[0;32mI (467) heap_init: At 3FFB9A20 len 00004108 (16 KiB): DRAM[0m
[0;32mI (472) heap_init: At 3FFC3F58 len 0001C0A8 (112 KiB): DRAM[0m
[0;32mI (477) heap_init: At 3FFE0440 len 00003AE0 (14 KiB): D/IRAM[0m
[0;32mI (483) heap_init: At 3FFE4350 len 0001BCB0 (111 KiB): D/IRAM[0m
[0;32mI (488) heap_init: At 40097954 len 000086AC (33 KiB): IRAM[0m
[0;32mI (495) spi_flash: detected chip: generic[0m
[0;32mI (497) spi_flash: flash io: dio[0m
[0;32mI (501) coexist: coex firmware version: 49a8cdc[0m
[0;32mI (505) main_task: Started on CPU0[0m
[0;32mI (515) main_task: Calling app_main()[0m
[0;32mI (525) BTDM_INIT: BT controller compile version [20b459d][0m
[0;32mI (525) BTDM_INIT: Bluetooth MAC: 24:6f:28:81:da:f2[0m
[0;32mI (525) phy_init: phy_version 4840,02e0d70,Sep  2 2024,19:39:07[0m
I BOD: Brownout detector was triggered


ets Jun  8 2016 00:22:57

rst:0x3 (SW_RESET),boot:0x17 (SPI_FAST_FLASH_BOOT)
configsip: 0, SPIWP:0xee
clk_drv:0x00,q_drv:0x00,d_drv:0x00,cs0_drv:0x00,hd_drv:0x00,wp_drv:0x00
mode:DIO, clock div:2
load:0x3fff0030,len:6276
load:0x40078000,len:15716
load:0x40080400,len:4
ho 8 tail 4 room 4
load:0x40080404,len:3860
entry 0x4008063c
[0;32mI (60) boot: ESP-IDF v5.4-dirty 2nd stage bootloader[0m
[0;32mI (60) boot: compile time Jan 20 2025 16:17:36[0m
[0;32mI (60) boot: Multicore bootloader[0m
[0;32mI (62) boot: chip revision: v1.0[0m
[0;32mI (65) boot.esp32: SPI Speed      : 40MHz[0m
[0;32mI (69) boot.esp32: SPI Mode       : DIO[0m
[0;32mI (73) boot.esp32: SPI Flash Size : 4MB[0m
[0;32mI (76) boot: Enabling RNG early entropy source...[0m
[0;32mI (81) boot: Partition Table:[0m
[0;32mI (83) boot: ## Label            Usage          Type ST Offset   Length[0m
[0;32mI (90) boot:  0 nvs              WiFi data        01 02 00009000 00006000[0m
[0;32mI (96) boot:  1 phy_init         RF data          01 01 0000f000 00001000[0m
[0;32mI (103) boot:  2 factory          factory app      00 00 00010000 00100000[0m
[0;32mI (109) boot: End of partition table[0m
[0;32mI (112) esp_image: segment 0: paddr=00010020 vaddr=3f400020 size=1e124h (123172) map[0m
[0;32mI (162) esp_image: segment 1: paddr=0002e14c vaddr=3ff80000 size=0001ch (    28) load[0m
[0;32mI (162) esp_image: segment 2: paddr=0002e170 vaddr=3ffbdb60 size=01ea8h (  7848) load[0m
[0;32mI (169) esp_image: segment 3: paddr=00030020 vaddr=400d0020 size=7ad98h (503192) map[0m
[0;32mI (345) esp_image: segment 4: paddr=000aadc0 vaddr=3ffbfa08 size=02c80h ( 11392) load[0m
[0;32mI (350) esp_image: segment 5: paddr=000ada48 vaddr=40080000 size=17954h ( 96596) load[0m
[0;32mI (399) boot: Loaded app from partition at offset 0x10000[0m
[0;32mI (399) boot: Disabling RNG early entropy source...[0m
[0;32mI (410) cpu_start: Multicore app[0m
[0;32mI (418) cpu_start: Pro cpu start user code[0m
[0;32mI (418) cpu_start: cpu freq: 160000000 Hz[0m
[0;32mI (418) app_init: Application information:[0m
[0;32mI (418) app_init: Project name:     main[0m
[0;32mI (422) app_init: App version:      1[0m
[0;32mI (425) app_init: Compile time:     Jan 20 2025 16:17:21[0m
[0;32mI (430) app_init: ELF file SHA256:  e37eb338c...[0m
[0;32mI (435) app_init: ESP-IDF:          v5.4-dirty[0m
[0;32mI (439) efuse_init: Min chip rev:     v0.0[0m
[0;32mI (443) efuse_init: Max chip rev:     v3.99 [0m
[0;32mI (447) efuse_init: Chip rev:         v1.0[0m
[0;32mI (451) heap_init: Initializing. RAM available for dynamic allocation:[0m
[0;32mI (457) heap_init: At 3FFAFF10 len 000000F0 (0 KiB): DRAM[0m
[0;32mI (462) heap_init: At 3FFB6388 len 00001C78 (7 KiB): DRAM[0m
[0;32mI (467) heap_init: At 3FFB9A20 len 00004108 (16 KiB): DRAM[0m
[0;32mI (472) heap_init: At 3FFC3F58 len 0001C0A8 (112 KiB): DRAM[0m
[0;32mI (477) heap_init: At 3FFE0440 len 00003AE0 (14 KiB): D/IRAM[0m
[0;32mI (483) heap_init: At 3FFE4350 len 0001BCB0 (111 KiB): D/IRAM[0m
[0;32mI (488) heap_init: At 40097954 len 000086AC (33 KiB): IRAM[0m
[0;32mI (495) spi_flash: detected chip: generic[0m
[0;32mI (497) spi_flash: flash io: dio[0m
[0;32mI (501) coexist: coex firmware version: 49a8cdc[0m
[0;32mI (505) main_task: Started on CPU0[0m
[0;32mI (515) main_task: Calling app_main()[0m
[0;32mI (525) BTDM_INIT: BT controller compile version [20b459d][0m
[0;32mI (525) BTDM_INIT: Bluetooth MAC: 24:6f:28:81:da:f2[0m
[0;32mI (525) phy_init: phy_version 4840,02e0d70,Sep  2 2024,19:39:07[0m
I BOD: Brownout detector was triggered


ets Jun  8 2016 00:22:57

rst:0x3 (SW_RESET),boot:0x17 (SPI_FAST_FLASH_BOOT)
configsip: 0, SPIWP:0xee
clk_drv:0x00,q_drv:0x00,d_drv:0x00,cs0_drv:0x00,hd_drv:0x00,wp_drv:0x00
mode:DIO, clock div:2
load:0x3fff0030,len:6276
load:0x40078000,len:15716
load:0x40080400,len:4
ho 8 tail 4 room 4
load:0x40080404,len:3860
entry 0x4008063c
[0;32mI (60) boot: ESP-IDF v5.4-dirty 2nd stage bootloader[0m
[0;32mI (60) boot: compile time Jan 20 2025 16:17:36[0m
[0;32mI (60) boot: Multicore bootloader[0m
[0;32mI (62) boot: chip revision: v1.0[0m
[0;32mI (65) boot.esp32: SPI Speed      : 40MHz[0m
[0;32mI (69) boot.esp32: SPI Mode       : DIO[0m
[0;32mI (73) boot.esp32: SPI Flash Size : 4MB[0m
[0;32mI (76) boot: Enabling RNG early entropy source...[0m
[0;32mI (81) boot: Partition Table:[0m
[0;32mI (83) boot: ## Label            Usage          Type ST Offset   Length[0m
[0;32mI (90) boot:  0 nvs              WiFi data        01 02 00009000 00006000[0m
[0;32mI (96) boot:  1 phy_init         RF data          01 01 0000f000 00001000[0m
[0;32mI (103) boot:  2 factory          factory app      00 00 00010000 00100000[0m
[0;32mI (109) boot: End of partition table[0m
[0;32mI (112) esp_image: segment 0: paddr=00010020 vaddr=3f400020 size=1e124h (123172) map[0m
[0;32mI (162) esp_image: segment 1: paddr=0002e14c vaddr=3ff80000 size=0001ch (    28) load[0m
[0;32mI (162) esp_image: segment 2: paddr=0002e170 vaddr=3ffbdb60 size=01ea8h (  7848) load[0m
[0;32mI (169) esp_image: segment 3: paddr=00030020 vaddr=400d0020 size=7ad98h (503192) map[0m
[0;32mI (345) esp_image: segment 4: paddr=000aadc0 vaddr=3ffbfa08 size=02c80h ( 11392) load[0m
[0;32mI (350) esp_image: segment 5: paddr=000ada48 vaddr=40080000 size=17954h ( 96596) load[0m
[0;32mI (399) boot: Loaded app from partition at offset 0x10000[0m
[0;32mI (399) boot: Disabling RNG early entropy source...[0m
[0;32mI (410) cpu_start: Multicore app[0m
[0;32mI (418) cpu_start: Pro cpu start user code[0m
[0;32mI (418) cpu_start: cpu freq: 160000000 Hz[0m
[0;32mI (418) app_init: Application information:[0m
[0;32mI (418) app_init: Project name:     main[0m
[0;32mI (422) app_init: App version:      1[0m
[0;32mI (425) app_init: Compile time:     Jan 20 2025 16:17:21[0m
[0;32mI (430) app_init: ELF file SHA256:  e37eb338c...[0m
[0;32mI (435) app_init: ESP-IDF:          v5.4-dirty[0m
[0;32mI (439) efuse_init: Min chip rev:     v0.0[0m
[0;32mI (443) efuse_init: Max chip rev:     v3.99 [0m
[0;32mI (447) efuse_init: Chip rev:         v1.0[0m
[0;32mI (451) heap_init: Initializing. RAM available for dynamic allocation:[0m
[0;32mI (457) heap_init: At 3FFAFF10 len 000000F0 (0 KiB): DRAM[0m
[0;32mI (462) heap_init: At 3FFB6388 len 00001C78 (7 KiB): DRAM[0m
[0;32mI (467) heap_init: At 3FFB9A20 len 00004108 (16 KiB): DRAM[0m
[0;32mI (472) heap_init: At 3FFC3F58 len 0001C0A8 (112 KiB): DRAM[0m
[0;32mI (477) heap_init: At 3FFE0440 len 00003AE0 (14 KiB): D/IRAM[0m
[0;32mI (483) heap_init: At 3FFE4350 len 0001BCB0 (111 KiB): D/IRAM[0m
[0;32mI (488) heap_init: At 40097954 len 000086AC (33 KiB): IRAM[0m
[0;32mI (495) spi_flash: detected chip: generic[0m
[0;32mI (497) spi_flash: flash io: dio[0m
[0;32mI (501) coexist: coex firmware version: 49a8cdc[0m
[0;32mI (505) main_task: Started on CPU0[0m
[0;32mI (515) main_task: Calling app_main()[0m
[0;32mI (525) BTDM_INIT: BT controller compile version [20b459d][0m
[0;32mI (525) BTDM_INIT: Bluetooth MAC: 24:6f:28:81:da:f2[0m
[0;32mI (525) phy_init: phy_version 4840,02e0d70,Sep  2 2024,19:39:07[0m
I BOD: Brownout detector was triggered


ets Jun  8 2016 00:22:57

rst:0x3 (SW_RESET),boot:0x17 (SPI_FAST_FLASH_BOOT)
configsip: 0, SPIWP:0xee
clk_drv:0x00,q_drv:0x00,d_drv:0x00,cs0_drv:0x00,hd_drv:0x00,wp_drv:0x00
mode:DIO, clock div:2
load:0x3fff0030,len:6276
load:0x40078000,len:15716
load:0x40080400,len:4
ho 8 tail 4 room 4
load:0x40080404,len:3860
entry 0x4008063c
[0;32mI (60) boot: ESP-IDF v5.4-dirty 2nd stage bootloader[0m
[0;32mI (60) boot: compile time Jan 20 2025 16:17:36[0m
[0;32mI (60) boot: Multicore bootloader[0m
[0;32mI (62) boot: chip revision: v1.0[0m
[0;32mI (65) boot.esp32: SPI Speed      : 40MHz[0m
[0;32mI (69) boot.esp32: SPI Mode       : DIO[0m
[0;32mI (72) boot.esp32: SPI Flash Size : 4MB[0m
[0;32mI (76) boot: Enabling RNG early entropy source...[0m
[0;32mI (81) boot: Partition Table:[0m
[0;32mI (83) boot: ## Label            Usage          Type ST Offset   Length[0m
[0;32mI (90) boot:  0 nvs              WiFi data        01 02 00009000 00006000[0m
[0;32mI (96) boot:  1 phy_init         RF data          01 01 0000f000 00001000[0m
[0;32mI (103) boot:  2 factory          factory app      00 00 00010000 00100000[0m
[0;32mI (109) boot: End of partition table[0m
[0;32mI (112) esp_image: segment 0: paddr=00010020 vaddr=3f400020 size=1e124h (123172) map[0m
[0;32mI (162) esp_image: segment 1: paddr=0002e14c vaddr=3ff80000 size=0001ch (    28) load[0m
[0;32mI (162) esp_image: segment 2: paddr=0002e170 vaddr=3ffbdb60 size=01ea8h (  7848) load[0m
[0;32mI (169) esp_image: segment 3: paddr=00030020 vaddr=400d0020 size=7ad98h (503192) map[0m
[0;32mI (345) esp_image: segment 4: paddr=000aadc0 vaddr=3ffbfa08 size=02c80h ( 11392) load[0m
[0;32mI (350) esp_image: segment 5: paddr=000ada48 vaddr=40080000 size=17954h ( 96596) load[0m
[0;32mI (399) boot: Loaded app from partition at offset 0x10000[0m
[0;32mI (399) boot: Disabling RNG early entropy source...[0m
[0;32mI (410) cpu_start: Multicore app[0m
[0;32mI (418) cpu_start: Pro cpu start user code[0m
[0;32mI (418) cpu_start: cpu freq: 160000000 Hz[0m
[0;32mI (418) app_init: Application information:[0m
[0;32mI (418) app_init: Project name:     main[0m
[0;32mI (422) app_init: App version:      1[0m
[0;32mI (425) app_init: Compile time:     Jan 20 2025 16:17:21[0m
[0;32mI (430) app_init: ELF file SHA256:  e37eb338c...[0m
[0;32mI (435) app_init: ESP-IDF:          v5.4-dirty[0m
[0;32mI (439) efuse_init: Min chip rev:     v0.0[0m
[0;32mI (443) efuse_init: Max chip rev:     v3.99 [0m
[0;32mI (447) efuse_init: Chip rev:         v1.0[0m
[0;32mI (451) heap_init: Initializing. RAM available for dynamic allocation:[0m
[0;32mI (457) heap_init: At 3FFAFF10 len 000000F0 (0 KiB): DRAM[0m
[0;32mI (462) heap_init: At 3FFB6388 len 00001C78 (7 KiB): DRAM[0m
[0;32mI (467) heap_init: At 3FFB9A20 len 00004108 (16 KiB): DRAM[0m
[0;32mI (472) heap_init: At 3FFC3F58 len 0001C0A8 (112 KiB): DRAM[0m
[0;32mI (477) heap_init: At 3FFE0440 len 00003AE0 (14 KiB): D/IRAM[0m
[0;32mI (483) heap_init: At 3FFE4350 len 0001BCB0 (111 KiB): D/IRAM[0m
[0;32mI (488) heap_init: At 40097954 len 000086AC (33 KiB): IRAM[0m
[0;32mI (495) spi_flash: detected chip: generic[0m
[0;32mI (497) spi_flash: flash io: dio[0m
[0;32mI (501) coexist: coex firmware version: 49a8cdc[0m
[0;32mI (505) main_task: Started on CPU0[0m
[0;32mI (515) main_task: Calling app_main()[0m
[0;32mI (525) BTDM_INIT: BT controller compile version [20b459d][0m
[0;32mI (525) BTDM_INIT: Bluetooth MAC: 24:6f:28:81:da:f2[0m
[0;32mI (525) phy_init: phy_version 4840,02e0d70,Sep  2 2024,19:39:07[0m
I BOD: Brownout detector was triggered


ets Jun  8 2016 00:22:57

rst:0x3 (SW_RESET),boot:0x17 (SPI_FAST_FLASH_BOOT)
configsip: 0, SPIWP:0xee
clk_drv:0x00,q_drv:0x00,d_drv:0x00,cs0_drv:0x00,hd_drv:0x00,wp_drv:0x00
mode:DIO, clock div:2
load:0x3fff0030,len:6276
load:0x40078000,len:15716
load:0x40080400,len:4
ho 8 tail 4 room 4
load:0x40080404,len:3860
entry 0x4008063c
[0;32mI (60) boot: ESP-IDF v5.4-dirty 2nd stage bootloader[0m
[0;32mI (60) boot: compile time Jan 20 2025 16:17:36[0m
[0;32mI (60) boot: Multicore bootloader[0m
[0;32mI (62) boot: chip revision: v1.0[0m
[0;32mI (65) boot.esp32: SPI Speed      : 40MHz[0m
[0;32mI (69) boot.esp32: SPI Mode       : DIO[0m
[0;32mI (72) boot.esp32: SPI Flash Size : 4MB[0m
[0;32mI (76) boot: Enabling RNG early entropy source...[0m
[0;32mI (81) boot: Partition Table:[0m
[0;32mI (83) boot: ## Label            Usage          Type ST Offset   Length[0m
[0;32mI (90) boot:  0 nvs              WiFi data        01 02 00009000 00006000[0m
[0;32mI (96) boot:  1 phy_init         RF data          01 01 0000f000 00001000[0m
[0;32mI (103) boot:  2 factory          factory app      00 00 00010000 00100000[0m
[0;32mI (109) boot: End of partition table[0m
[0;32mI (112) esp_image: segment 0: paddr=00010020 vaddr=3f400020 size=1e124h (123172) map[0m
[0;32mI (162) esp_image: segment 1: paddr=0002e14c vaddr=3ff80000 size=0001ch (    28) load[0m
[0;32mI (162) esp_image: segment 2: paddr=0002e170 vaddr=3ffbdb60 size=01ea8h (  7848) load[0m
[0;32mI (169) esp_image: segment 3: paddr=00030020 vaddr=400d0020 size=7ad98h (503192) map[0m
[0;32mI (345) esp_image: segment 4: paddr=000aadc0 vaddr=3ffbfa08 size=02c80h ( 11392) load[0m
[0;32mI (350) esp_image: segment 5: paddr=000ada48 vaddr=40080000 size=17954h ( 96596) load[0m
[0;32mI (399) boot: Loaded app from partition at offset 0x10000[0m
[0;32mI (399) boot: Disabling RNG early entropy source...[0m
[0;32mI (410) cpu_start: Multicore app[0m
[0;32mI (418) cpu_start: Pro cpu start user code[0m
[0;32mI (418) cpu_start: cpu freq: 160000000 Hz[0m
[0;32mI (418) app_init: Application information:[0m
[0;32mI (418) app_init: Project name:     main[0m
[0;32mI (422) app_init: App version:      1[0m
[0;32mI (425) app_init: Compile time:     Jan 20 2025 16:17:21[0m
[0;32mI (430) app_init: ELF file SHA256:  e37eb338c...[0m
[0;32mI (435) app_init: ESP-IDF:          v5.4-dirty[0m
[0;32mI (439) efuse_init: Min chip rev:     v0.0[0m
[0;32mI (443) efuse_init: Max chip rev:     v3.99 [0m
[0;32mI (447) efuse_init: Chip rev:         v1.0[0m
[0;32mI (451) heap_init: Initializing. RAM available for dynamic allocation:[0m
[0;32mI (457) heap_init: At 3FFAFF10 len 000000F0 (0 KiB): DRAM[0m
[0;32mI (462) heap_init: At 3FFB6388 len 00001C78 (7 KiB): DRAM[0m
[0;32mI (467) heap_init: At 3FFB9A20 len 00004108 (16 KiB): DRAM[0m
[0;32mI (472) heap_init: At 3FFC3F58 len 0001C0A8 (112 KiB): DRAM[0m
[0;32mI (477) heap_init: At 3FFE0440 len 00003AE0 (14 KiB): D/IRAM[0m
[0;32mI (483) heap_init: At 3FFE4350 len 0001BCB0 (111 KiB): D/IRAM[0m
[0;32mI (488) heap_init: At 40097954 len 000086AC (33 KiB): IRAM[0m
[0;32mI (495) spi_flash: detected chip: generic[0m
[0;32mI (497) spi_flash: flash io: dio[0m
[0;32mI (501) coexist: coex firmware version: 49a8cdc[0m
[0;32mI (505) main_task: Started on CPU0[0m
[0;32mI (515) main_task: Calling app_main()[0m
[0;32mI (525) BTDM_INIT: BT controller compile version [20b459d][0m
[0;32mI (525) BTDM_INIT: Bluetooth MAC: 24:6f:28:81:da:f2[0m
[0;32mI (525) phy_init: phy_version 4840,02e0d70,Sep  2 2024,19:39:07[0m
I BOD: Brownout detector was triggered


ets Jun  8 2016 00:22:57

rst:0x3 (SW_RESET),boot:0x17 (SPI_FAST_FLASH_BOOT)
configsip: 0, SPIWP:0xee
clk_drv:0x00,q_drv:0x00,d_drv:0x00,cs0_drv:0x00,hd_drv:0x00,wp_drv:0x00
mode:DIO, clock div:2
load:0x3fff0030,len:6276
load:0x40078000,len:15716
load:0x40080400,len:4
ho 8 tail 4 room 4
load:0x40080404,len:3860
entry 0x4008063c
[0;32mI (60) boot: ESP-IDF v5.4-dirty 2nd stage bootloader[0m
[0;32mI (60) boot: compile time Jan 20 2025 16:17:36[0m
[0;32mI (60) boot: Multicore bootloader[0m
[0;32mI (62) boot: chip revision: v1.0[0m
[0;32mI (65) boot.esp32: SPI Speed      : 40MHz[0m
[0;32mI (69) boot.esp32: SPI Mode       : DIO[0m
[0;32mI (73) boot.esp32: SPI Flash Size : 4MB[0m
[0;32mI (76) boot: Enabling RNG early entropy source...[0m
[0;32mI (81) boot: Partition Table:[0m
[0;32mI (83) boot: ## Label            Usage          Type ST Offset   Length[0m
[0;32mI (90) boot:  0 nvs              WiFi data        01 02 00009000 00006000[0m
[0;32mI (96) boot:  1 phy_init         RF data          01 01 0000f000 00001000[0m
[0;32mI (103) boot:  2 factory          factory app      00 00 00010000 00100000[0m
[0;32mI (109) boot: End of partition table[0m
[0;32mI (112) esp_image: segment 0: paddr=00010020 vaddr=3f400020 size=1e124h (123172) map[0m
[0;32mI (162) esp_image: segment 1: paddr=0002e14c vaddr=3ff80000 size=0001ch (    28) load[0m
[0;32mI (162) esp_image: segment 2: paddr=0002e170 vaddr=3ffbdb60 size=01ea8h (  7848) load[0m
[0;32mI (169) esp_image: segment 3: paddr=00030020 vaddr=400d0020 size=7ad98h (503192) map[0m
[0;32mI (345) esp_image: segment 4: paddr=000aadc0 vaddr=3ffbfa08 size=02c80h ( 11392) load[0m
[0;32mI (350) esp_image: segment 5: paddr=000ada48 vaddr=40080000 size=17954h ( 96596) load[0m
[0;32mI (399) boot: Loaded app from partition at offset 0x10000[0m
[0;32mI (399) boot: Disabling RNG early entropy source...[0m
[0;32mI (410) cpu_start: Multicore app[0m
[0;32mI (418) cpu_start: Pro cpu start user code[0m
[0;32mI (418) cpu_start: cpu freq: 160000000 Hz[0m
[0;32mI (418) app_init: Application information:[0m
[0;32mI (418) app_init: Project name:     main[0m
[0;32mI (422) app_init: App version:      1[0m
[0;32mI (425) app_init: Compile time:     Jan 20 2025 16:17:21[0m
[0;32mI (430) app_init: ELF file SHA256:  e37eb338c...[0m
[0;32mI (435) app_init: ESP-IDF:          v5.4-dirty[0m
[0;32mI (439) efuse_init: Min chip rev:     v0.0[0m
[0;32mI (443) efuse_init: Max chip rev:     v3.99 [0m
[0;32mI (447) efuse_init: Chip rev:         v1.0[0m
I (451) heap_init: Initializing. RAM available for dynamic allocation:
[0;32mI (457) heap_init: At 3FFAFF10 len 000000F0 (0 KiB): DRAM[0m
[0;32mI (462) heap_init: At 3FFB6388 len 00001C78 (7 KiB): DRAM[0m
[0;32mI (467) heap_init: At 3FFB9A20 len 00004108 (16 KiB): DRAM[0m
[0;32mI (472) heap_init: At 3FFC3F58 len 0001C0A8 (112 KiB): DRAM[0m
[0;32mI (477) heap_init: At 3FFE0440 len 00003AE0 (14 KiB): D/IRAM[0m
[0;32mI (483) heap_init: At 3FFE4350 len 0001BCB0 (111 KiB): D/IRAM[0m
[0;32mI (488) heap_init: At 40097954 len 000086AC (33 KiB): IRAM[0m
[0;32mI (495) spi_flash: detected chip: generic[0m
[0;32mI (497) spi_flash: flash io: dio[0m
[0;32mI (501) coexist: coex firmware version: 49a8cdc[0m
[0;32mI (505) main_task: Started on CPU0[0m
[0;32mI (515) main_task: Calling app_main()[0m
[0;32mI (525) BTDM_INIT: BT controller compile version [20b459d][0m
[0;32mI (525) BTDM_INIT: Bluetooth MAC: 24:6f:28:81:da:f2[0m
[0;32mI (525) phy_init: phy_version 4840,02e0d70,Sep  2 2024,19:39:07[0m
I BOD: Brownout detector was triggered


ets Jun  8 2016 00:22:57

rst:0x3 (SW_RESET),boot:0x17 (SPI_FAST_FLASH_BOOT)
configsip: 0, SPIWP:0xee
clk_drv:0x00,q_drv:0x00,d_drv:0x00,cs0_drv:0x00,hd_drv:0x00,wp_drv:0x00
mode:DIO, clock div:2
load:0x3fff0030,len:6276
load:0x40078000,len:15716
load:0x40080400,len:4
ho 8 tail 4 room 4
load:0x40080404,len:3860
entry 0x4008063c
[0;32mI (60) boot: ESP-IDF v5.4-dirty 2nd stage bootloader[0m
[0;32mI (60) boot: compile time Jan 20 2025 16:17:36[0m
[0;32mI (60) boot: Multicore bootloader[0m
[0;32mI (62) boot: chip revision: v1.0[0m
[0;32mI (65) boot.esp32: SPI Speed      : 40MHz[0m
[0;32mI (69) boot.esp32: SPI Mode       : DIO[0m
[0;32mI (73) boot.esp32: SPI Flash Size : 4MB[0m
[0;32mI (76) boot: Enabling RNG early entropy source...[0m
[0;32mI (81) boot: Partition Table:[0m
[0;32mI (83) boot: ## Label            Usage          Type ST Offset   Length[0m
[0;32mI (90) boot:  0 nvs              WiFi data        01 02 00009000 00006000[0m
[0;32mI (96) boot:  1 phy_init         RF data          01 01 0000f000 00001000[0m
[0;32mI (103) boot:  2 factory          factory app      00 00 00010000 00100000[0m
[0;32mI (109) boot: End of partition table[0m
[0;32mI (112) esp_image: segment 0: paddr=00010020 vaddr=3f400020 size=1e124h (123172) map[0m
[0;32mI (162) esp_image: segment 1: paddr=0002e14c vaddr=3ff80000 size=0001ch (    28) load[0m
[0;32mI (162) esp_image: segment 2: paddr=0002e170 vaddr=3ffbdb60 size=01ea8h (  7848) load[0m
[0;32mI (169) esp_image: segment 3: paddr=00030020 vaddr=400d0020 size=7ad98h (503192) map[0m
[0;32mI (345) esp_image: segment 4: paddr=000aadc0 vaddr=3ffbfa08 size=02c80h ( 11392) load[0m
[0;32mI (350) esp_image: segment 5: paddr=000ada48 vaddr=40080000 size=17954h ( 96596) load[0m
[0;32mI (399) boot: Loaded app from partition at offset 0x10000[0m
[0;32mI (399) boot: Disabling RNG early entropy source...[0m
[0;32mI (410) cpu_start: Multicore app[0m
[0;32mI (418) cpu_start: Pro cpu start user code[0m
[0;32mI (418) cpu_start: cpu freq: 160000000 Hz[0m
[0;32mI (418) app_init: Application information:[0m
[0;32mI (418) app_init: Project name:     main[0m
[0;32mI (422) app_init: App version:      1[0m
[0;32mI (425) app_init: Compile time:     Jan 20 2025 16:17:21[0m
[0;32mI (430) app_init: ELF file SHA256:  e37eb338c...[0m
[0;32mI (435) app_init: ESP-IDF:          v5.4-dirty[0m
[0;32mI (439) efuse_init: Min chip rev:     v0.0[0m
[0;32mI (443) efuse_init: Max chip rev:     v3.99 [0m
[0;32mI (447) efuse_init: Chip rev:         v1.0[0m
[0;32mI (451) heap_init: Initializing. RAM available for dynamic allocation:[0m
[0;32mI (457) heap_init: At 3FFAFF10 len 000000F0 (0 KiB): DRAM[0m
[0;32mI (462) heap_init: At 3FFB6388 len 00001C78 (7 KiB): DRAM[0m
[0;32mI (467) heap_init: At 3FFB9A20 len 00004108 (16 KiB): DRAM[0m
[0;32mI (472) heap_init: At 3FFC3F58 len 0001C0A8 (112 KiB): DRAM[0m
[0;32mI (477) heap_init: At 3FFE0440 len 00003AE0 (14 KiB): D/IRAM[0m
[0;32mI (483) heap_init: At 3FFE4350 len 0001BCB0 (111 KiB): D/IRAM[0m
[0;32mI (488) heap_init: At 40097954 len 000086AC (33 KiB): IRAM[0m
[0;32mI (495) spi_flash: detected chip: generic[0m
[0;32mI (497) spi_flash: flash io: dio[0m
[0;32mI (501) coexist: coex firmware version: 49a8cdc[0m
[0;32mI (505) main_task: Started on CPU0[0m
[0;32mI (515) main_task: Calling app_main()[0m
[0;32mI (525) BTDM_INIT: BT controller compile version [20b459d][0m
[0;32mI (525) BTDM_INIT: Bluetooth MAC: 24:6f:28:81:da:f2[0m
[0;32mI (525) phy_init: phy_version 4840,02e0d70,Sep  2 2024,19:39:07[0m
I BOD: Brownout detector was triggered


ets Jun  8 2016 00:22:57

rst:0x3 (SW_RESET),boot:0x17 (SPI_FAST_FLASH_BOOT)
configsip: 0, SPIWP:0xee
clk_drv:0x00,q_drv:0x00,d_drv:0x00,cs0_drv:0x00,hd_drv:0x00,wp_drv:0x00
mode:DIO, clock div:2
load:0x3fff0030,len:6276
load:0x40078000,len:15716
